2026-06-18 21:26:41 | [32mINFO    [0m | ClassifierTrainer | ============================================================
2026-06-18 21:26:41 | [32mINFO    [0m | ClassifierTrainer |   RetinaAI — Stage 2 Severity Classification Training
2026-06-18 21:26:41 | [32mINFO    [0m | ClassifierTrainer |   Variant:     HYBRID
2026-06-18 21:26:41 | [32mINFO    [0m | ClassifierTrainer |   Experiment:  exp_04_cls_hybrid
2026-06-18 21:26:41 | [32mINFO    [0m | ClassifierTrainer | ============================================================
2026-06-18 21:26:41 | [32mINFO    [0m | ClassifierTrainer | Using device: cpu
2026-06-18 21:26:41 | [32mINFO    [0m | ClassifierTrainer | Loading Stage 1 Segmentation model from: experiments\exp_04\checkpoints\best.pth
2026-06-18 21:26:42 | [32mINFO    [0m | ClassifierTrainer | Building HybridDRClassifier (hybrid) | in_channels=3 | feature_dim=4
2026-06-18 21:26:42 | [32mINFO    [0m | ClassifierTrainer |   Total classifier parameters:     18,472,269
2026-06-18 21:26:42 | [32mINFO    [0m | ClassifierTrainer |   Trainable classifier parameters: 18,472,269
2026-06-18 21:26:42 | [32mINFO    [0m | ClassifierTrainer | Building APTOS 2019 dataloaders...
2026-06-18 21:26:42 | [32mINFO    [0m | ClassifierTrainer |   Train size: 2930
2026-06-18 21:26:42 | [32mINFO    [0m | ClassifierTrainer |   Val size:   366
2026-06-18 21:26:42 | [32mINFO    [0m | ClassifierTrainer |   Test size:  366
2026-06-18 21:30:06 | [32mINFO    [0m | ClassifierTrainer | Epoch  1/2 | Loss: 1.6839 / 2.5378 | Acc: 0.2500 / 0.2500 | QWK: -0.0103 / 0.1698 | LR: 1.00e-04 | Time: 3m 23s | ★ BEST
2026-06-18 21:32:05 | [32mINFO    [0m | ClassifierTrainer | Epoch  2/2 | Loss: 1.4964 / 2.2652 | Acc: 0.2500 / 0.2500 | QWK: 0.2000 / 0.1698 | LR: 1.00e-04 | Time: 1m 58s | 
2026-06-18 21:32:05 | [32mINFO    [0m | ClassifierTrainer | ============================================================
2026-06-18 21:32:05 | [32mINFO    [0m | ClassifierTrainer |   Training completed in 5m 23s
2026-06-18 21:32:05 | [32mINFO    [0m | ClassifierTrainer |   Best Val QWK: 0.1698 (epoch 1)
2026-06-18 21:32:05 | [32mINFO    [0m | ClassifierTrainer | ============================================================
2026-06-18 21:32:06 | [32mINFO    [0m | ClassifierTrainer | Training curves saved to: experiments\exp_04_cls_hybrid\plots\classification_curves.png
2026-06-18 21:32:06 | [32mINFO    [0m | ClassifierTrainer | 
============================================================
2026-06-18 21:32:06 | [32mINFO    [0m | ClassifierTrainer |   Evaluating best model on Test Set
2026-06-18 21:32:06 | [32mINFO    [0m | ClassifierTrainer | ============================================================
2026-06-18 21:32:07 | [32mINFO    [0m | ClassifierTrainer | Loaded best classifier model from epoch 1
2026-06-18 21:32:45 | [32mINFO    [0m | ClassifierTrainer | Test Loss:     2.5175
2026-06-18 21:32:45 | [32mINFO    [0m | ClassifierTrainer | Test Accuracy: 0.2500
2026-06-18 21:32:45 | [32mINFO    [0m | ClassifierTrainer | Test F1-Score: 0.0800
2026-06-18 21:32:45 | [32mINFO    [0m | ClassifierTrainer | Test QWK:      0.0000
2026-06-18 21:32:45 | [32mINFO    [0m | ClassifierTrainer | Test results saved to: experiments\exp_04_cls_hybrid\test_results.json
2026-07-03 21:26:32 | [32mINFO    [0m | ClassifierTrainer | ============================================================
2026-07-03 21:26:32 | [32mINFO    [0m | ClassifierTrainer |   RetinaAI — Stage 2 Severity Classification Training
2026-07-03 21:26:32 | [32mINFO    [0m | ClassifierTrainer |   Variant:     HYBRID
2026-07-03 21:26:32 | [32mINFO    [0m | ClassifierTrainer |   Experiment:  exp_04_cls_hybrid
2026-07-03 21:26:32 | [32mINFO    [0m | ClassifierTrainer | ============================================================
2026-07-03 21:26:32 | [32mINFO    [0m | ClassifierTrainer | Using device: cuda
2026-07-03 21:26:32 | [32mINFO    [0m | ClassifierTrainer | Loading Stage 1 Segmentation model from: experiments\exp_04\checkpoints\best.pth
2026-07-03 21:26:33 | [32mINFO    [0m | ClassifierTrainer | Building HybridDRClassifier (hybrid) | in_channels=3 | feature_dim=4
2026-07-03 21:26:34 | [32mINFO    [0m | ClassifierTrainer |   Total classifier parameters:     18,472,269
2026-07-03 21:26:34 | [32mINFO    [0m | ClassifierTrainer |   Trainable classifier parameters: 18,472,269
2026-07-03 21:26:34 | [32mINFO    [0m | ClassifierTrainer | Building APTOS 2019 dataloaders...
2026-07-03 21:26:34 | [32mINFO    [0m | ClassifierTrainer |   Train size: 2930
2026-07-03 21:26:34 | [32mINFO    [0m | ClassifierTrainer |   Val size:   366
2026-07-03 21:26:34 | [32mINFO    [0m | ClassifierTrainer |   Test size:  366
2026-07-03 21:31:43 | [32mINFO    [0m | ClassifierTrainer | Epoch  1/40 | Loss: 1.0361 / 0.7196 | Acc: 0.6223 / 0.7377 | QWK: 0.5077 / 0.7914 | LR: 1.00e-04 | Time: 5m 9s | * BEST
2026-07-03 21:35:02 | [32mINFO    [0m | ClassifierTrainer | Epoch  2/40 | Loss: 0.7854 / 0.5929 | Acc: 0.7176 / 0.7951 | QWK: 0.7033 / 0.8088 | LR: 1.00e-04 | Time: 3m 18s | * BEST
2026-07-03 21:38:20 | [32mINFO    [0m | ClassifierTrainer | Epoch  3/40 | Loss: 0.7152 / 0.5447 | Acc: 0.7295 / 0.7896 | QWK: 0.7498 / 0.8443 | LR: 1.00e-04 | Time: 3m 17s | * BEST
2026-07-03 21:46:09 | [32mINFO    [0m | ClassifierTrainer | Epoch  4/40 | Loss: 0.6738 / 0.5890 | Acc: 0.7541 / 0.7678 | QWK: 0.7969 / 0.8264 | LR: 1.00e-04 | Time: 7m 47s | 
2026-07-03 21:49:28 | [32mINFO    [0m | ClassifierTrainer | Epoch  5/40 | Loss: 0.6479 / 0.5177 | Acc: 0.7602 / 0.8251 | QWK: 0.7941 / 0.8798 | LR: 1.00e-04 | Time: 3m 18s | * BEST
2026-07-03 21:52:47 | [32mINFO    [0m | ClassifierTrainer | Epoch  6/40 | Loss: 0.6392 / 0.5161 | Acc: 0.7783 / 0.8169 | QWK: 0.8218 / 0.8585 | LR: 1.00e-04 | Time: 3m 18s | 
2026-07-03 21:58:58 | [32mINFO    [0m | ClassifierTrainer | Epoch  7/40 | Loss: 0.6123 / 0.5315 | Acc: 0.7845 / 0.8251 | QWK: 0.8157 / 0.8746 | LR: 1.00e-04 | Time: 6m 10s | 
2026-07-03 22:06:16 | [32mINFO    [0m | ClassifierTrainer | Epoch  8/40 | Loss: 0.5919 / 0.5198 | Acc: 0.7920 / 0.8033 | QWK: 0.8390 / 0.8630 | LR: 1.00e-04 | Time: 7m 17s | 
2026-07-03 22:14:42 | [32mINFO    [0m | ClassifierTrainer | Epoch  9/40 | Loss: 0.5626 / 0.4700 | Acc: 0.7982 / 0.8115 | QWK: 0.8498 / 0.8849 | LR: 1.00e-04 | Time: 8m 24s | * BEST
2026-07-03 22:18:06 | [32mINFO    [0m | ClassifierTrainer | Epoch 10/40 | Loss: 0.5595 / 0.4891 | Acc: 0.8026 / 0.8224 | QWK: 0.8519 / 0.9003 | LR: 1.00e-04 | Time: 3m 23s | * BEST
2026-07-03 22:21:29 | [32mINFO    [0m | ClassifierTrainer | Epoch 11/40 | Loss: 0.5255 / 0.5011 | Acc: 0.8183 / 0.8388 | QWK: 0.8714 / 0.8912 | LR: 1.00e-04 | Time: 3m 22s | 
2026-07-03 22:24:52 | [32mINFO    [0m | ClassifierTrainer | Epoch 12/40 | Loss: 0.5195 / 0.4533 | Acc: 0.8173 / 0.8497 | QWK: 0.8670 / 0.9085 | LR: 1.00e-04 | Time: 3m 22s | * BEST
2026-07-03 22:28:16 | [32mINFO    [0m | ClassifierTrainer | Epoch 13/40 | Loss: 0.5094 / 0.4531 | Acc: 0.8279 / 0.8415 | QWK: 0.8768 / 0.9136 | LR: 1.00e-04 | Time: 3m 23s | * BEST
2026-07-03 22:31:40 | [32mINFO    [0m | ClassifierTrainer | Epoch 14/40 | Loss: 0.4853 / 0.4913 | Acc: 0.8337 / 0.8279 | QWK: 0.8724 / 0.8997 | LR: 1.00e-04 | Time: 3m 22s | 
2026-07-03 22:35:03 | [32mINFO    [0m | ClassifierTrainer | Epoch 15/40 | Loss: 0.4636 / 0.4656 | Acc: 0.8330 / 0.8415 | QWK: 0.8887 / 0.9184 | LR: 1.00e-04 | Time: 3m 22s | * BEST
2026-07-03 22:38:27 | [32mINFO    [0m | ClassifierTrainer | Epoch 16/40 | Loss: 0.4376 / 0.4914 | Acc: 0.8467 / 0.8497 | QWK: 0.8980 / 0.9220 | LR: 1.00e-04 | Time: 3m 22s | * BEST
2026-07-03 22:42:46 | [32mINFO    [0m | ClassifierTrainer | Epoch 17/40 | Loss: 0.4477 / 0.5206 | Acc: 0.8443 / 0.8443 | QWK: 0.8851 / 0.9219 | LR: 1.00e-04 | Time: 4m 18s | 
2026-07-03 22:51:24 | [32mINFO    [0m | ClassifierTrainer | Epoch 18/40 | Loss: 0.4658 / 0.5266 | Acc: 0.8460 / 0.8169 | QWK: 0.8836 / 0.9095 | LR: 1.00e-04 | Time: 8m 37s | 
2026-07-03 22:55:28 | [32mINFO    [0m | ClassifierTrainer | Epoch 19/40 | Loss: 0.4473 / 0.5037 | Acc: 0.8548 / 0.8552 | QWK: 0.8825 / 0.9291 | LR: 1.00e-04 | Time: 4m 3s | * BEST
2026-07-03 23:00:23 | [32mINFO    [0m | ClassifierTrainer | Epoch 20/40 | Loss: 0.3939 / 0.4853 | Acc: 0.8689 / 0.8607 | QWK: 0.9094 / 0.9291 | LR: 1.00e-04 | Time: 4m 52s | 
2026-07-03 23:11:10 | [32mINFO    [0m | ClassifierTrainer | Epoch 21/40 | Loss: 0.4251 / 0.5343 | Acc: 0.8593 / 0.8388 | QWK: 0.9040 / 0.9230 | LR: 1.00e-04 | Time: 10m 46s | 
2026-07-03 23:22:25 | [32mINFO    [0m | ClassifierTrainer | Epoch 22/40 | Loss: 0.3991 / 0.5034 | Acc: 0.8630 / 0.8525 | QWK: 0.9014 / 0.9183 | LR: 1.00e-04 | Time: 11m 13s | 
2026-07-03 23:33:31 | [32mINFO    [0m | ClassifierTrainer | Epoch 23/40 | Loss: 0.3965 / 0.5268 | Acc: 0.8668 / 0.8443 | QWK: 0.8972 / 0.9214 | LR: 1.00e-04 | Time: 11m 5s | 
2026-07-03 23:44:41 | [32mINFO    [0m | ClassifierTrainer | Epoch 24/40 | Loss: 0.3766 / 0.5438 | Acc: 0.8716 / 0.8470 | QWK: 0.9073 / 0.9116 | LR: 1.00e-04 | Time: 11m 9s | 
2026-07-03 23:56:38 | [32mINFO    [0m | ClassifierTrainer | Epoch 25/40 | Loss: 0.3636 / 0.4973 | Acc: 0.8743 / 0.8388 | QWK: 0.9173 / 0.9205 | LR: 1.00e-04 | Time: 11m 55s | 
2026-07-04 00:05:23 | [32mINFO    [0m | ClassifierTrainer | Epoch 26/40 | Loss: 0.3440 / 0.5629 | Acc: 0.8938 / 0.8388 | QWK: 0.9259 / 0.9166 | LR: 5.00e-05 | Time: 8m 44s | 
2026-07-04 00:17:34 | [32mINFO    [0m | ClassifierTrainer | Epoch 27/40 | Loss: 0.3614 / 0.6172 | Acc: 0.8832 / 0.8361 | QWK: 0.9155 / 0.9207 | LR: 5.00e-05 | Time: 12m 8s | 
2026-07-04 00:30:12 | [32mINFO    [0m | ClassifierTrainer | Epoch 28/40 | Loss: 0.2996 / 0.6101 | Acc: 0.9010 / 0.8470 | QWK: 0.9279 / 0.9241 | LR: 5.00e-05 | Time: 12m 37s | 
2026-07-04 00:43:27 | [32mINFO    [0m | ClassifierTrainer | Epoch 29/40 | Loss: 0.3209 / 0.6291 | Acc: 0.8986 / 0.8497 | QWK: 0.9240 / 0.9262 | LR: 5.00e-05 | Time: 13m 14s | 
2026-07-04 00:43:28 | [33mWARNING [0m | ClassifierTrainer | Early stopping triggered at epoch 29. Best QWK: 0.9291 at epoch 19.
2026-07-04 00:43:28 | [32mINFO    [0m | ClassifierTrainer | ============================================================
2026-07-04 00:43:28 | [32mINFO    [0m | ClassifierTrainer |   Training completed in 3h 16m 54s
2026-07-04 00:43:28 | [32mINFO    [0m | ClassifierTrainer |   Best Val QWK: 0.9291 (epoch 19)
2026-07-04 00:43:28 | [32mINFO    [0m | ClassifierTrainer | ============================================================
2026-07-04 00:43:30 | [32mINFO    [0m | ClassifierTrainer | Training curves saved to: experiments\exp_04_cls_hybrid\plots\classification_curves.png
2026-07-04 00:43:30 | [32mINFO    [0m | ClassifierTrainer | 
============================================================
2026-07-04 00:43:30 | [32mINFO    [0m | ClassifierTrainer |   Evaluating best model on Test Set
2026-07-04 00:43:30 | [32mINFO    [0m | ClassifierTrainer | ============================================================
2026-07-04 00:43:32 | [32mINFO    [0m | ClassifierTrainer | Loaded best classifier model from epoch 19
2026-07-04 00:46:14 | [32mINFO    [0m | ClassifierTrainer | Test Loss:     0.4760
2026-07-04 00:46:14 | [32mINFO    [0m | ClassifierTrainer | Test Accuracy: 0.8634
2026-07-04 00:46:14 | [32mINFO    [0m | ClassifierTrainer | Test F1-Score: 0.7163
2026-07-04 00:46:14 | [32mINFO    [0m | ClassifierTrainer | Test QWK:      0.9241
2026-07-04 00:46:14 | [32mINFO    [0m | ClassifierTrainer | Test results saved to: experiments\exp_04_cls_hybrid\test_results.json
2026-07-04 00:46:50 | [32mINFO    [0m | ClassifierTrainer | ============================================================
2026-07-04 00:46:50 | [32mINFO    [0m | ClassifierTrainer |   RetinaAI — Stage 2 Severity Classification Training
2026-07-04 00:46:50 | [32mINFO    [0m | ClassifierTrainer |   Variant:     HYBRID
2026-07-04 00:46:50 | [32mINFO    [0m | ClassifierTrainer |   Experiment:  exp_04_cls_hybrid
2026-07-04 00:46:50 | [32mINFO    [0m | ClassifierTrainer | ============================================================
2026-07-04 00:46:50 | [32mINFO    [0m | ClassifierTrainer | Using device: cuda
2026-07-04 00:46:50 | [32mINFO    [0m | ClassifierTrainer | Loading Stage 1 Segmentation model from: experiments\exp_04\checkpoints\best.pth
2026-07-04 00:46:56 | [32mINFO    [0m | ClassifierTrainer | Building HybridDRClassifier (hybrid) | in_channels=3 | feature_dim=4
2026-07-04 00:46:59 | [32mINFO    [0m | ClassifierTrainer |   Total classifier parameters:     18,472,269
2026-07-04 00:46:59 | [32mINFO    [0m | ClassifierTrainer |   Trainable classifier parameters: 18,472,269
2026-07-04 00:46:59 | [32mINFO    [0m | ClassifierTrainer | Building APTOS 2019 dataloaders...
2026-07-04 00:46:59 | [32mINFO    [0m | ClassifierTrainer |   Train size: 2930
2026-07-04 00:46:59 | [32mINFO    [0m | ClassifierTrainer |   Val size:   366
2026-07-04 00:46:59 | [32mINFO    [0m | ClassifierTrainer |   Test size:  366
2026-07-04 00:59:21 | [32mINFO    [0m | ClassifierTrainer | Epoch  1/40 | Loss: 1.0510 / 0.7016 | Acc: 0.6127 / 0.7596 | QWK: 0.5007 / 0.7733 | LR: 1.00e-04 | Time: 12m 22s | * BEST
2026-07-04 01:10:49 | [32mINFO    [0m | ClassifierTrainer | Epoch  2/40 | Loss: 0.8011 / 0.5928 | Acc: 0.7145 / 0.7814 | QWK: 0.6905 / 0.8218 | LR: 1.00e-04 | Time: 11m 25s | * BEST
2026-07-04 01:21:55 | [32mINFO    [0m | ClassifierTrainer | Epoch  3/40 | Loss: 0.7301 / 0.5362 | Acc: 0.7298 / 0.8087 | QWK: 0.7406 / 0.8574 | LR: 1.00e-04 | Time: 11m 3s | * BEST
2026-07-04 01:33:29 | [32mINFO    [0m | ClassifierTrainer | Epoch  4/40 | Loss: 0.6907 / 0.5423 | Acc: 0.7418 / 0.7787 | QWK: 0.7725 / 0.8447 | LR: 1.00e-04 | Time: 11m 30s | 
2026-07-04 01:44:39 | [32mINFO    [0m | ClassifierTrainer | Epoch  5/40 | Loss: 0.6865 / 0.5445 | Acc: 0.7514 / 0.8005 | QWK: 0.7637 / 0.8440 | LR: 1.00e-04 | Time: 11m 8s | 
2026-07-06 21:27:32 | [32mINFO    [0m | ClassifierTrainer | ============================================================
2026-07-06 21:27:32 | [32mINFO    [0m | ClassifierTrainer |   RetinaAI — Stage 2 Severity Classification Training
2026-07-06 21:27:32 | [32mINFO    [0m | ClassifierTrainer |   Variant:     HYBRID
2026-07-06 21:27:32 | [32mINFO    [0m | ClassifierTrainer |   Experiment:  exp_04_cls_hybrid
2026-07-06 21:27:32 | [32mINFO    [0m | ClassifierTrainer | ============================================================
2026-07-06 21:27:32 | [32mINFO    [0m | ClassifierTrainer | Using device: cuda
2026-07-06 21:27:32 | [32mINFO    [0m | ClassifierTrainer | Loading Stage 1 Segmentation model from: experiments\exp_04\checkpoints\best.pth
2026-07-06 21:27:35 | [32mINFO    [0m | ClassifierTrainer | Building HybridDRClassifier (hybrid) | in_channels=3 | feature_dim=4
2026-07-06 21:27:36 | [32mINFO    [0m | ClassifierTrainer |   Total classifier parameters:     18,472,269
2026-07-06 21:27:36 | [32mINFO    [0m | ClassifierTrainer |   Trainable classifier parameters: 18,472,269
2026-07-06 21:27:36 | [32mINFO    [0m | ClassifierTrainer | Building APTOS 2019 dataloaders...
2026-07-06 21:27:36 | [32mINFO    [0m | ClassifierTrainer |   Train size: 2930
2026-07-06 21:27:36 | [32mINFO    [0m | ClassifierTrainer |   Val size:   366
2026-07-06 21:27:36 | [32mINFO    [0m | ClassifierTrainer |   Test size:  366
2026-07-06 21:34:14 | [32mINFO    [0m | ClassifierTrainer | ============================================================
2026-07-06 21:34:14 | [32mINFO    [0m | ClassifierTrainer |   RetinaAI — Stage 2 Severity Classification Training
2026-07-06 21:34:14 | [32mINFO    [0m | ClassifierTrainer |   Variant:     HYBRID
2026-07-06 21:34:14 | [32mINFO    [0m | ClassifierTrainer |   Experiment:  exp_04_cls_hybrid
2026-07-06 21:34:14 | [32mINFO    [0m | ClassifierTrainer | ============================================================
2026-07-06 21:34:14 | [32mINFO    [0m | ClassifierTrainer | Using device: cuda
2026-07-06 21:34:14 | [32mINFO    [0m | ClassifierTrainer | Loading Stage 1 Segmentation model from: experiments\exp_04\checkpoints\best.pth
2026-07-06 21:34:16 | [32mINFO    [0m | ClassifierTrainer | Building HybridDRClassifier (hybrid) | in_channels=3 | feature_dim=4
2026-07-06 21:34:16 | [32mINFO    [0m | ClassifierTrainer |   Total classifier parameters:     18,472,269
2026-07-06 21:34:16 | [32mINFO    [0m | ClassifierTrainer |   Trainable classifier parameters: 18,472,269
2026-07-06 21:34:16 | [32mINFO    [0m | ClassifierTrainer | Building APTOS 2019 dataloaders...
2026-07-06 21:34:16 | [32mINFO    [0m | ClassifierTrainer |   Train size: 2930
2026-07-06 21:34:16 | [32mINFO    [0m | ClassifierTrainer |   Val size:   366
2026-07-06 21:34:16 | [32mINFO    [0m | ClassifierTrainer |   Test size:  366
2026-07-06 21:36:19 | [32mINFO    [0m | ClassifierTrainer | Epoch  1/1 | Loss: 1.3869 / 1.8473 | Acc: 0.3125 / 0.3125 | QWK: 0.0762 / -0.0857 | LR: 1.00e-04 | Time: 2m 2s | * BEST
2026-07-06 21:36:20 | [32mINFO    [0m | ClassifierTrainer | ============================================================
2026-07-06 21:36:20 | [32mINFO    [0m | ClassifierTrainer |   Training completed in 2m 4s
2026-07-06 21:36:20 | [32mINFO    [0m | ClassifierTrainer |   Best Val QWK: -0.0857 (epoch 1)
2026-07-06 21:36:20 | [32mINFO    [0m | ClassifierTrainer | ============================================================
2026-07-06 21:36:22 | [32mINFO    [0m | ClassifierTrainer | Training curves saved to: experiments\exp_04_cls_hybrid\plots\classification_curves.png
2026-07-06 21:36:22 | [32mINFO    [0m | ClassifierTrainer | 
============================================================
2026-07-06 21:36:22 | [32mINFO    [0m | ClassifierTrainer |   Evaluating best model on Test Set
2026-07-06 21:36:22 | [32mINFO    [0m | ClassifierTrainer | ============================================================
2026-07-06 21:36:23 | [32mINFO    [0m | ClassifierTrainer | Loaded best classifier model from epoch 1
2026-07-06 21:36:52 | [32mINFO    [0m | ClassifierTrainer | ============================================================
2026-07-06 21:36:52 | [32mINFO    [0m | ClassifierTrainer |   RetinaAI — Stage 2 Severity Classification Training
2026-07-06 21:36:52 | [32mINFO    [0m | ClassifierTrainer |   Variant:     HYBRID
2026-07-06 21:36:52 | [32mINFO    [0m | ClassifierTrainer |   Experiment:  exp_04_cls_hybrid
2026-07-06 21:36:52 | [32mINFO    [0m | ClassifierTrainer | ============================================================
2026-07-06 21:36:52 | [32mINFO    [0m | ClassifierTrainer | Using device: cuda
2026-07-06 21:36:52 | [32mINFO    [0m | ClassifierTrainer | Loading Stage 1 Segmentation model from: experiments\exp_04\checkpoints\best.pth
2026-07-06 21:36:53 | [32mINFO    [0m | ClassifierTrainer | Building HybridDRClassifier (hybrid) | in_channels=3 | feature_dim=4
2026-07-06 21:36:54 | [32mINFO    [0m | ClassifierTrainer |   Total classifier parameters:     18,472,269
2026-07-06 21:36:54 | [32mINFO    [0m | ClassifierTrainer |   Trainable classifier parameters: 18,472,269
2026-07-06 21:36:54 | [32mINFO    [0m | ClassifierTrainer | Building APTOS 2019 dataloaders...
2026-07-06 21:36:54 | [32mINFO    [0m | ClassifierTrainer |   Train size: 2930
2026-07-06 21:36:54 | [32mINFO    [0m | ClassifierTrainer |   Val size:   366
2026-07-06 21:36:54 | [32mINFO    [0m | ClassifierTrainer |   Test size:  366
2026-07-06 21:37:07 | [32mINFO    [0m | ClassifierTrainer | Epoch  1/1 | Loss: 1.3753 / 1.8461 | Acc: 0.3125 / 0.3125 | QWK: 0.0805 / -0.0857 | LR: 1.00e-04 | Time: 13s | * BEST
2026-07-06 21:37:08 | [32mINFO    [0m | ClassifierTrainer | ============================================================
2026-07-06 21:37:08 | [32mINFO    [0m | ClassifierTrainer |   Training completed in 14s
2026-07-06 21:37:08 | [32mINFO    [0m | ClassifierTrainer |   Best Val QWK: -0.0857 (epoch 1)
2026-07-06 21:37:08 | [32mINFO    [0m | ClassifierTrainer | ============================================================
2026-07-06 21:37:10 | [32mINFO    [0m | ClassifierTrainer | Training curves saved to: experiments\exp_04_cls_hybrid\plots\classification_curves.png
2026-07-06 21:37:10 | [32mINFO    [0m | ClassifierTrainer | 
============================================================
2026-07-06 21:37:10 | [32mINFO    [0m | ClassifierTrainer |   Evaluating best model on Test Set
2026-07-06 21:37:10 | [32mINFO    [0m | ClassifierTrainer | ============================================================
2026-07-06 21:37:10 | [32mINFO    [0m | ClassifierTrainer | Loaded best classifier model from epoch 1
2026-07-06 21:37:11 | [32mINFO    [0m | ClassifierTrainer | Test Loss:     1.6413
2026-07-06 21:37:11 | [32mINFO    [0m | ClassifierTrainer | Test Accuracy: 0.2500
2026-07-06 21:37:11 | [32mINFO    [0m | ClassifierTrainer | Test F1-Score: 0.1000
2026-07-06 21:37:11 | [32mINFO    [0m | ClassifierTrainer | Test QWK:      -0.2429
2026-07-06 21:37:11 | [32mINFO    [0m | ClassifierTrainer | Test results saved to: experiments\exp_04_cls_hybrid\test_results.json
2026-07-06 21:37:44 | [32mINFO    [0m | ClassifierTrainer | ============================================================
2026-07-06 21:37:44 | [32mINFO    [0m | ClassifierTrainer |   RetinaAI — Stage 2 Severity Classification Training
2026-07-06 21:37:44 | [32mINFO    [0m | ClassifierTrainer |   Variant:     HYBRID
2026-07-06 21:37:44 | [32mINFO    [0m | ClassifierTrainer |   Experiment:  exp_04_cls_hybrid
2026-07-06 21:37:44 | [32mINFO    [0m | ClassifierTrainer | ============================================================
2026-07-06 21:37:44 | [32mINFO    [0m | ClassifierTrainer | Using device: cuda
2026-07-06 21:37:44 | [32mINFO    [0m | ClassifierTrainer | Loading Stage 1 Segmentation model from: experiments\exp_04\checkpoints\best.pth
2026-07-06 21:37:48 | [32mINFO    [0m | ClassifierTrainer | Building HybridDRClassifier (hybrid) | in_channels=3 | feature_dim=4
2026-07-06 21:37:50 | [32mINFO    [0m | ClassifierTrainer |   Total classifier parameters:     18,472,269
2026-07-06 21:37:50 | [32mINFO    [0m | ClassifierTrainer |   Trainable classifier parameters: 18,472,269
2026-07-06 21:37:50 | [32mINFO    [0m | ClassifierTrainer | Building APTOS 2019 dataloaders...
2026-07-06 21:37:50 | [32mINFO    [0m | ClassifierTrainer |   Train size: 2930
2026-07-06 21:37:50 | [32mINFO    [0m | ClassifierTrainer |   Val size:   366
2026-07-06 21:37:50 | [32mINFO    [0m | ClassifierTrainer |   Test size:  366
2026-07-06 21:44:17 | [32mINFO    [0m | ClassifierTrainer | Epoch  1/40 | Loss: 1.0058 / 0.6092 | Acc: 0.6393 / 0.7623 | QWK: 0.5684 / 0.7899 | LR: 1.00e-04 | Time: 6m 26s | * BEST
2026-07-06 21:49:21 | [32mINFO    [0m | ClassifierTrainer | Epoch  2/40 | Loss: 0.7521 / 0.5392 | Acc: 0.7288 / 0.7923 | QWK: 0.7145 / 0.8486 | LR: 1.00e-04 | Time: 5m 1s | * BEST
2026-07-06 21:50:41 | [32mINFO    [0m | ClassifierTrainer | ============================================================
2026-07-06 21:50:41 | [32mINFO    [0m | ClassifierTrainer |   RetinaAI — Stage 2 Severity Classification Training
2026-07-06 21:50:41 | [32mINFO    [0m | ClassifierTrainer |   Variant:     HYBRID
2026-07-06 21:50:41 | [32mINFO    [0m | ClassifierTrainer |   Experiment:  exp_04_cls_hybrid
2026-07-06 21:50:41 | [32mINFO    [0m | ClassifierTrainer | ============================================================
2026-07-06 21:50:41 | [32mINFO    [0m | ClassifierTrainer | Using device: cuda
2026-07-06 21:50:41 | [32mINFO    [0m | ClassifierTrainer | Loading Stage 1 Segmentation model from: experiments\exp_04\checkpoints\best.pth
2026-07-06 21:50:43 | [32mINFO    [0m | ClassifierTrainer | Building HybridDRClassifier (hybrid) | in_channels=3 | feature_dim=4
2026-07-06 21:50:43 | [32mINFO    [0m | ClassifierTrainer |   Total classifier parameters:     18,472,269
2026-07-06 21:50:43 | [32mINFO    [0m | ClassifierTrainer |   Trainable classifier parameters: 18,472,269
2026-07-06 21:50:43 | [32mINFO    [0m | ClassifierTrainer | Building APTOS 2019 dataloaders...
2026-07-06 21:50:44 | [32mINFO    [0m | ClassifierTrainer |   Train size: 2930
2026-07-06 21:50:44 | [32mINFO    [0m | ClassifierTrainer |   Val size:   366
2026-07-06 21:50:44 | [32mINFO    [0m | ClassifierTrainer |   Test size:  366
2026-07-06 21:54:45 | [32mINFO    [0m | ClassifierTrainer | Epoch  1/40 | Loss: 1.0066 / 0.6221 | Acc: 0.6424 / 0.7650 | QWK: 0.5620 / 0.8005 | LR: 1.00e-04 | Time: 4m 1s | * BEST
2026-07-06 21:58:45 | [32mINFO    [0m | ClassifierTrainer | Epoch  2/40 | Loss: 0.7484 / 0.5835 | Acc: 0.7261 / 0.7705 | QWK: 0.7324 / 0.8479 | LR: 1.00e-04 | Time: 3m 57s | * BEST
2026-07-06 22:03:11 | [32mINFO    [0m | ClassifierTrainer | Epoch  3/40 | Loss: 0.6976 / 0.5046 | Acc: 0.7418 / 0.8169 | QWK: 0.7654 / 0.8703 | LR: 1.00e-04 | Time: 4m 23s | * BEST
2026-07-06 22:07:35 | [32mINFO    [0m | ClassifierTrainer | Epoch  4/40 | Loss: 0.6668 / 0.5037 | Acc: 0.7541 / 0.8033 | QWK: 0.7853 / 0.8602 | LR: 1.00e-04 | Time: 4m 21s | 
2026-07-06 22:11:40 | [32mINFO    [0m | ClassifierTrainer | Epoch  5/40 | Loss: 0.6449 / 0.5185 | Acc: 0.7654 / 0.7923 | QWK: 0.8018 / 0.8551 | LR: 1.00e-04 | Time: 4m 2s | 
2026-07-06 22:13:59 | [32mINFO    [0m | ClassifierTrainer | Epoch  6/40 | Loss: 0.5998 / 0.4863 | Acc: 0.7807 / 0.8033 | QWK: 0.8267 / 0.8735 | LR: 1.00e-04 | Time: 2m 18s | * BEST
2026-07-06 22:16:23 | [32mINFO    [0m | ClassifierTrainer | Epoch  7/40 | Loss: 0.5732 / 0.4922 | Acc: 0.7889 / 0.8169 | QWK: 0.8356 / 0.8765 | LR: 1.00e-04 | Time: 2m 23s | * BEST
2026-07-06 22:18:45 | [32mINFO    [0m | ClassifierTrainer | Epoch  8/40 | Loss: 0.5939 / 0.5025 | Acc: 0.7876 / 0.8169 | QWK: 0.8226 / 0.8924 | LR: 1.00e-04 | Time: 2m 20s | * BEST
2026-07-06 22:23:22 | [32mINFO    [0m | ClassifierTrainer | Epoch  9/40 | Loss: 0.5330 / 0.4620 | Acc: 0.8053 / 0.8224 | QWK: 0.8517 / 0.8788 | LR: 1.00e-04 | Time: 4m 36s | 
2026-07-06 22:25:44 | [32mINFO    [0m | ClassifierTrainer | Epoch 10/40 | Loss: 0.5496 / 0.4531 | Acc: 0.8060 / 0.8415 | QWK: 0.8425 / 0.9000 | LR: 1.00e-04 | Time: 2m 20s | * BEST
2026-07-06 22:28:10 | [32mINFO    [0m | ClassifierTrainer | Epoch 11/40 | Loss: 0.5100 / 0.4540 | Acc: 0.8159 / 0.8333 | QWK: 0.8589 / 0.9013 | LR: 1.00e-04 | Time: 2m 25s | * BEST
2026-07-06 22:31:33 | [32mINFO    [0m | ClassifierTrainer | Epoch 12/40 | Loss: 0.4894 / 0.4513 | Acc: 0.8255 / 0.8415 | QWK: 0.8758 / 0.9059 | LR: 1.00e-04 | Time: 3m 20s | * BEST
2026-07-06 22:34:00 | [32mINFO    [0m | ClassifierTrainer | Epoch 13/40 | Loss: 0.4754 / 0.4499 | Acc: 0.8357 / 0.8251 | QWK: 0.8818 / 0.9021 | LR: 1.00e-04 | Time: 2m 25s | 
2026-07-06 22:36:23 | [32mINFO    [0m | ClassifierTrainer | Epoch 14/40 | Loss: 0.4636 / 0.4824 | Acc: 0.8371 / 0.8333 | QWK: 0.8905 / 0.8974 | LR: 1.00e-04 | Time: 2m 22s | 
2026-07-06 22:38:46 | [32mINFO    [0m | ClassifierTrainer | Epoch 15/40 | Loss: 0.4595 / 0.4822 | Acc: 0.8381 / 0.8251 | QWK: 0.8831 / 0.9096 | LR: 1.00e-04 | Time: 2m 21s | * BEST
2026-07-06 22:41:07 | [32mINFO    [0m | ClassifierTrainer | Epoch 16/40 | Loss: 0.4264 / 0.4729 | Acc: 0.8463 / 0.8361 | QWK: 0.8879 / 0.9137 | LR: 1.00e-04 | Time: 2m 20s | * BEST
2026-07-06 22:43:30 | [32mINFO    [0m | ClassifierTrainer | Epoch 17/40 | Loss: 0.4233 / 0.4988 | Acc: 0.8531 / 0.8497 | QWK: 0.8884 / 0.9135 | LR: 1.00e-04 | Time: 2m 21s | 
2026-07-06 22:45:52 | [32mINFO    [0m | ClassifierTrainer | Epoch 18/40 | Loss: 0.4426 / 0.4926 | Acc: 0.8555 / 0.8306 | QWK: 0.8908 / 0.8951 | LR: 1.00e-04 | Time: 2m 22s | 
2026-07-06 22:48:11 | [32mINFO    [0m | ClassifierTrainer | Epoch 19/40 | Loss: 0.4139 / 0.5080 | Acc: 0.8583 / 0.8497 | QWK: 0.8898 / 0.9158 | LR: 1.00e-04 | Time: 2m 18s | * BEST
2026-07-06 22:50:33 | [32mINFO    [0m | ClassifierTrainer | Epoch 20/40 | Loss: 0.3994 / 0.4936 | Acc: 0.8695 / 0.8497 | QWK: 0.9082 / 0.9168 | LR: 1.00e-04 | Time: 2m 20s | * BEST
2026-07-06 22:53:00 | [32mINFO    [0m | ClassifierTrainer | Epoch 21/40 | Loss: 0.4006 / 0.5584 | Acc: 0.8685 / 0.8333 | QWK: 0.9071 / 0.9190 | LR: 1.00e-04 | Time: 2m 25s | * BEST
2026-07-06 22:56:12 | [32mINFO    [0m | ClassifierTrainer | Epoch 22/40 | Loss: 0.3889 / 0.5455 | Acc: 0.8712 / 0.8525 | QWK: 0.8958 / 0.9296 | LR: 1.00e-04 | Time: 3m 11s | * BEST
2026-07-06 22:58:36 | [32mINFO    [0m | ClassifierTrainer | Epoch 23/40 | Loss: 0.3719 / 0.6095 | Acc: 0.8757 / 0.8497 | QWK: 0.9003 / 0.9167 | LR: 1.00e-04 | Time: 2m 23s | 
2026-07-06 23:01:08 | [32mINFO    [0m | ClassifierTrainer | Epoch 24/40 | Loss: 0.3825 / 0.5967 | Acc: 0.8753 / 0.8415 | QWK: 0.9068 / 0.9052 | LR: 1.00e-04 | Time: 2m 31s | 
2026-07-06 23:04:15 | [32mINFO    [0m | ClassifierTrainer | Epoch 25/40 | Loss: 0.3272 / 0.6341 | Acc: 0.8859 / 0.8470 | QWK: 0.9238 / 0.9124 | LR: 1.00e-04 | Time: 3m 6s | 
2026-07-06 23:07:07 | [32mINFO    [0m | ClassifierTrainer | Epoch 26/40 | Loss: 0.3554 / 0.5901 | Acc: 0.8904 / 0.8333 | QWK: 0.9186 / 0.9128 | LR: 1.00e-04 | Time: 2m 51s | 
2026-07-06 23:10:27 | [32mINFO    [0m | ClassifierTrainer | Epoch 27/40 | Loss: 0.3428 / 0.6778 | Acc: 0.8866 / 0.8333 | QWK: 0.9129 / 0.9058 | LR: 1.00e-04 | Time: 3m 19s | 
2026-07-06 23:13:44 | [32mINFO    [0m | ClassifierTrainer | Epoch 28/40 | Loss: 0.3304 / 0.5916 | Acc: 0.8887 / 0.8415 | QWK: 0.9280 / 0.9141 | LR: 1.00e-04 | Time: 3m 16s | 
2026-07-06 23:16:09 | [32mINFO    [0m | ClassifierTrainer | Epoch 29/40 | Loss: 0.3245 / 0.6019 | Acc: 0.8897 / 0.8497 | QWK: 0.9191 / 0.9184 | LR: 5.00e-05 | Time: 2m 23s | 
2026-07-06 23:19:50 | [32mINFO    [0m | ClassifierTrainer | Epoch 30/40 | Loss: 0.3421 / 0.6048 | Acc: 0.8897 / 0.8579 | QWK: 0.9158 / 0.9222 | LR: 5.00e-05 | Time: 3m 41s | 
2026-07-06 23:23:44 | [32mINFO    [0m | ClassifierTrainer | Epoch 31/40 | Loss: 0.2795 / 0.6059 | Acc: 0.9054 / 0.8415 | QWK: 0.9328 / 0.9232 | LR: 5.00e-05 | Time: 3m 52s | 
2026-07-06 23:26:25 | [32mINFO    [0m | ClassifierTrainer | Epoch 32/40 | Loss: 0.2748 / 0.6293 | Acc: 0.9095 / 0.8443 | QWK: 0.9409 / 0.9162 | LR: 5.00e-05 | Time: 2m 40s | 
2026-07-06 23:26:26 | [33mWARNING [0m | ClassifierTrainer | Early stopping triggered at epoch 32. Best QWK: 0.9296 at epoch 22.
2026-07-06 23:26:26 | [32mINFO    [0m | ClassifierTrainer | ============================================================
2026-07-06 23:26:26 | [32mINFO    [0m | ClassifierTrainer |   Training completed in 1h 35m 42s
2026-07-06 23:26:26 | [32mINFO    [0m | ClassifierTrainer |   Best Val QWK: 0.9296 (epoch 22)
2026-07-06 23:26:26 | [32mINFO    [0m | ClassifierTrainer | ============================================================
2026-07-06 23:26:26 | [32mINFO    [0m | ClassifierTrainer | Training curves saved to: experiments\exp_04_cls_hybrid\plots\classification_curves.png
2026-07-06 23:26:26 | [32mINFO    [0m | ClassifierTrainer | 
============================================================
2026-07-06 23:26:26 | [32mINFO    [0m | ClassifierTrainer |   Evaluating best model on Test Set
2026-07-06 23:26:26 | [32mINFO    [0m | ClassifierTrainer | ============================================================
2026-07-06 23:26:27 | [32mINFO    [0m | ClassifierTrainer | Loaded best classifier model from epoch 22
2026-07-06 23:26:33 | [32mINFO    [0m | ClassifierTrainer | Test Loss:     0.5878
2026-07-06 23:26:33 | [32mINFO    [0m | ClassifierTrainer | Test Accuracy: 0.8415
2026-07-06 23:26:33 | [32mINFO    [0m | ClassifierTrainer | Test F1-Score: 0.6453
2026-07-06 23:26:33 | [32mINFO    [0m | ClassifierTrainer | Test QWK:      0.9056
2026-07-06 23:26:33 | [32mINFO    [0m | ClassifierTrainer | Test results saved to: experiments\exp_04_cls_hybrid\test_results.json
