2026-07-21 12:09:58 | [32mINFO    [0m | Trainer | ============================================================
2026-07-21 12:09:58 | [32mINFO    [0m | Trainer |   RetinaAI — Training Started
2026-07-21 12:09:58 | [32mINFO    [0m | Trainer | ============================================================
2026-07-21 12:09:58 | [32mINFO    [0m | Trainer |   Device:       cuda
2026-07-21 12:09:58 | [32mINFO    [0m | Trainer |   Epochs:       80
2026-07-21 12:09:58 | [32mINFO    [0m | Trainer |   Batch size:   4
2026-07-21 12:09:58 | [32mINFO    [0m | Trainer |   Loss:         hybrid_lesion
2026-07-21 12:09:58 | [32mINFO    [0m | Trainer |   Optimizer:    adamw
2026-07-21 12:09:58 | [32mINFO    [0m | Trainer |   LR:           0.0001
2026-07-21 12:09:58 | [32mINFO    [0m | Trainer |   AMP:          True
2026-07-21 12:09:58 | [32mINFO    [0m | Trainer |   Experiment:   exp_09_multiclass_patch_hybrid
2026-07-21 12:09:58 | [32mINFO    [0m | Trainer | ============================================================
2026-07-21 12:11:44 | [32mINFO    [0m | Trainer | ============================================================
2026-07-21 12:11:44 | [32mINFO    [0m | Trainer |   RetinaAI — Training Started
2026-07-21 12:11:44 | [32mINFO    [0m | Trainer | ============================================================
2026-07-21 12:11:44 | [32mINFO    [0m | Trainer |   Device:       cuda
2026-07-21 12:11:44 | [32mINFO    [0m | Trainer |   Epochs:       80
2026-07-21 12:11:44 | [32mINFO    [0m | Trainer |   Batch size:   4
2026-07-21 12:11:44 | [32mINFO    [0m | Trainer |   Loss:         hybrid_lesion
2026-07-21 12:11:44 | [32mINFO    [0m | Trainer |   Optimizer:    adamw
2026-07-21 12:11:44 | [32mINFO    [0m | Trainer |   LR:           0.0001
2026-07-21 12:11:44 | [32mINFO    [0m | Trainer |   AMP:          True
2026-07-21 12:11:44 | [32mINFO    [0m | Trainer |   Experiment:   exp_09_multiclass_patch_hybrid
2026-07-21 12:11:44 | [32mINFO    [0m | Trainer | ============================================================
2026-07-21 12:18:33 | [32mINFO    [0m | Trainer | Epoch   1/80 | Train Loss: 0.7393 | Val Loss: 0.7603 | Val Dice: 0.0068 | Val IoU: 0.0034 | LR: 1.00e-04 | Time: 8m 35s | * BEST
2026-07-21 12:18:33 | [32mINFO    [0m | Trainer |   Per-class Dice: MA: 0.0009 | HE: 0.0077 | EX: 0.0133 | SE: 0.0052
2026-07-21 12:22:17 | [32mINFO    [0m | Trainer | ============================================================
2026-07-21 12:22:17 | [32mINFO    [0m | Trainer |   RetinaAI — Training Started
2026-07-21 12:22:17 | [32mINFO    [0m | Trainer | ============================================================
2026-07-21 12:22:17 | [32mINFO    [0m | Trainer |   Device:       cuda
2026-07-21 12:22:17 | [32mINFO    [0m | Trainer |   Epochs:       80
2026-07-21 12:22:17 | [32mINFO    [0m | Trainer |   Batch size:   4
2026-07-21 12:22:17 | [32mINFO    [0m | Trainer |   Loss:         hybrid_lesion
2026-07-21 12:22:17 | [32mINFO    [0m | Trainer |   Optimizer:    adamw
2026-07-21 12:22:17 | [32mINFO    [0m | Trainer |   LR:           0.0001
2026-07-21 12:22:17 | [32mINFO    [0m | Trainer |   AMP:          True
2026-07-21 12:22:17 | [32mINFO    [0m | Trainer |   Experiment:   exp_09_multiclass_patch_hybrid
2026-07-21 12:22:17 | [32mINFO    [0m | Trainer | ============================================================
2026-07-21 12:26:21 | [32mINFO    [0m | Trainer | Epoch   1/80 | Train Loss: 0.7391 | Val Loss: 0.7562 | Val Dice: 0.0067 | Val IoU: 0.0034 | LR: 1.00e-04 | Time: 14m 37s | * BEST
2026-07-21 12:26:21 | [32mINFO    [0m | Trainer |   Per-class Dice: MA: 0.0009 | HE: 0.0077 | EX: 0.0128 | SE: 0.0054
2026-07-21 12:33:08 | [32mINFO    [0m | Trainer | Epoch   2/80 | Train Loss: 0.7240 | Val Loss: 0.7629 | Val Dice: 0.0078 | Val IoU: 0.0039 | LR: 2.01e-05 | Time: 14m 35s | * BEST
2026-07-21 12:33:08 | [32mINFO    [0m | Trainer |   Per-class Dice: MA: 0.0009 | HE: 0.0079 | EX: 0.0164 | SE: 0.0058
2026-07-21 12:37:59 | [32mINFO    [0m | Trainer | Epoch   1/80 | Train Loss: 0.7393 | Val Loss: 0.7541 | Val Dice: 0.0239 | Val IoU: 0.0124 | LR: 1.00e-04 | Time: 15m 41s | * BEST
2026-07-21 12:37:59 | [32mINFO    [0m | Trainer |   Per-class Dice: MA: 0.0009 | HE: 0.0078 | EX: 0.0818 | SE: 0.0053
2026-07-21 12:40:24 | [32mINFO    [0m | Trainer | Epoch   2/80 | Train Loss: 0.7242 | Val Loss: 0.7478 | Val Dice: 0.0179 | Val IoU: 0.0091 | LR: 2.01e-05 | Time: 14m 3s | * BEST
2026-07-21 12:40:24 | [32mINFO    [0m | Trainer |   Per-class Dice: MA: 0.0009 | HE: 0.0079 | EX: 0.0488 | SE: 0.0141
2026-07-21 12:42:04 | [32mINFO    [0m | Trainer | Epoch   3/80 | Train Loss: 0.7189 | Val Loss: 0.7482 | Val Dice: 0.0156 | Val IoU: 0.0079 | LR: 4.01e-05 | Time: 8m 56s | * BEST
2026-07-21 12:42:04 | [32mINFO    [0m | Trainer |   Per-class Dice: MA: 0.0009 | HE: 0.0097 | EX: 0.0307 | SE: 0.0211
2026-07-21 12:52:06 | [32mINFO    [0m | Trainer | Epoch   2/80 | Train Loss: 0.7245 | Val Loss: 0.7509 | Val Dice: 0.0144 | Val IoU: 0.0073 | LR: 2.01e-05 | Time: 14m 7s | 
2026-07-21 12:52:06 | [32mINFO    [0m | Trainer |   Per-class Dice: MA: 0.0009 | HE: 0.0079 | EX: 0.0411 | SE: 0.0076
2026-07-21 12:55:41 | [32mINFO    [0m | Trainer | Epoch   3/80 | Train Loss: 0.7195 | Val Loss: 0.7432 | Val Dice: 0.0306 | Val IoU: 0.0160 | LR: 4.01e-05 | Time: 15m 17s | * BEST
2026-07-21 12:55:41 | [32mINFO    [0m | Trainer |   Per-class Dice: MA: 0.0009 | HE: 0.0085 | EX: 0.1049 | SE: 0.0080
2026-07-21 12:56:46 | [32mINFO    [0m | Trainer | Epoch   4/80 | Train Loss: 0.7120 | Val Loss: 0.7336 | Val Dice: 0.0490 | Val IoU: 0.0257 | LR: 6.00e-05 | Time: 14m 41s | * BEST
2026-07-21 12:56:46 | [32mINFO    [0m | Trainer |   Per-class Dice: MA: 0.0009 | HE: 0.0111 | EX: 0.1230 | SE: 0.0609
2026-07-21 12:57:41 | [32mINFO    [0m | Trainer | ============================================================
2026-07-21 12:57:41 | [32mINFO    [0m | Trainer |   RetinaAI — Training Started
2026-07-21 12:57:41 | [32mINFO    [0m | Trainer | ============================================================
2026-07-21 12:57:41 | [32mINFO    [0m | Trainer |   Device:       cuda
2026-07-21 12:57:41 | [32mINFO    [0m | Trainer |   Epochs:       40
2026-07-21 12:57:41 | [32mINFO    [0m | Trainer |   Batch size:   4
2026-07-21 12:57:41 | [32mINFO    [0m | Trainer |   Loss:         hybrid_lesion
2026-07-21 12:57:41 | [32mINFO    [0m | Trainer |   Optimizer:    adamw
2026-07-21 12:57:41 | [32mINFO    [0m | Trainer |   LR:           0.0001
2026-07-21 12:57:41 | [32mINFO    [0m | Trainer |   AMP:          True
2026-07-21 12:57:41 | [32mINFO    [0m | Trainer |   Experiment:   exp_09_multiclass_patch_hybrid
2026-07-21 12:57:41 | [32mINFO    [0m | Trainer | ============================================================
2026-07-21 13:04:31 | [32mINFO    [0m | Trainer | Epoch   3/80 | Train Loss: 0.7197 | Val Loss: 0.7403 | Val Dice: 0.0442 | Val IoU: 0.0239 | LR: 4.01e-05 | Time: 12m 24s | * BEST
2026-07-21 13:04:31 | [32mINFO    [0m | Trainer |   Per-class Dice: MA: 0.0009 | HE: 0.0094 | EX: 0.1624 | SE: 0.0043
2026-07-21 13:06:18 | [32mINFO    [0m | Trainer | Epoch   4/80 | Train Loss: 0.7120 | Val Loss: 0.7312 | Val Dice: 0.0467 | Val IoU: 0.0254 | LR: 6.00e-05 | Time: 10m 36s | * BEST
2026-07-21 13:06:18 | [32mINFO    [0m | Trainer |   Per-class Dice: MA: 0.0009 | HE: 0.0122 | EX: 0.1738 | SE: 0.0000
2026-07-21 13:07:00 | [32mINFO    [0m | Trainer | Epoch   5/80 | Train Loss: 0.7032 | Val Loss: 0.7229 | Val Dice: 0.0523 | Val IoU: 0.0275 | LR: 8.00e-05 | Time: 10m 14s | * BEST
2026-07-21 13:07:00 | [32mINFO    [0m | Trainer |   Per-class Dice: MA: 0.0009 | HE: 0.0163 | EX: 0.1324 | SE: 0.0595
2026-07-21 13:09:47 | [32mINFO    [0m | Trainer | ============================================================
2026-07-21 13:09:47 | [32mINFO    [0m | Trainer |   RetinaAI — Training Started
2026-07-21 13:09:47 | [32mINFO    [0m | Trainer | ============================================================
2026-07-21 13:09:47 | [32mINFO    [0m | Trainer |   Device:       cuda
2026-07-21 13:09:47 | [32mINFO    [0m | Trainer |   Epochs:       40
2026-07-21 13:09:47 | [32mINFO    [0m | Trainer |   Batch size:   4
2026-07-21 13:09:47 | [32mINFO    [0m | Trainer |   Loss:         hybrid_lesion
2026-07-21 13:09:47 | [32mINFO    [0m | Trainer |   Optimizer:    adamw
2026-07-21 13:09:47 | [32mINFO    [0m | Trainer |   LR:           0.0001
2026-07-21 13:09:47 | [32mINFO    [0m | Trainer |   AMP:          True
2026-07-21 13:09:47 | [32mINFO    [0m | Trainer |   Experiment:   exp_09_multiclass_patch_hybrid
2026-07-21 13:09:47 | [32mINFO    [0m | Trainer | ============================================================
2026-07-21 13:09:47 | [32mINFO    [0m | Trainer | Epoch   1/40 | Train Loss: 0.7532 | Val Loss: 0.7811 | Val Dice: 0.0047 | Val IoU: 0.0023 | LR: 1.00e-04 | Time: 12m 6s | * BEST
2026-07-21 13:09:47 | [32mINFO    [0m | Trainer |   Per-class Dice: MA: 0.0009 | HE: 0.0076 | EX: 0.0062 | SE: 0.0039
2026-07-21 13:12:04 | [32mINFO    [0m | Trainer | Epoch   4/80 | Train Loss: 0.7124 | Val Loss: 0.7321 | Val Dice: 0.0366 | Val IoU: 0.0195 | LR: 6.00e-05 | Time: 7m 33s | 
2026-07-21 13:12:04 | [32mINFO    [0m | Trainer |   Per-class Dice: MA: 0.0009 | HE: 0.0135 | EX: 0.1322 | SE: 0.0000
2026-07-21 13:14:46 | [32mINFO    [0m | Trainer | Epoch   5/80 | Train Loss: 0.7039 | Val Loss: 0.7248 | Val Dice: 0.0458 | Val IoU: 0.0249 | LR: 8.00e-05 | Time: 8m 28s | 
2026-07-21 13:14:46 | [32mINFO    [0m | Trainer |   Per-class Dice: MA: 0.0009 | HE: 0.0128 | EX: 0.1695 | SE: 0.0000
2026-07-21 13:16:41 | [32mINFO    [0m | Trainer | Epoch   6/80 | Train Loss: 0.6952 | Val Loss: 0.7120 | Val Dice: 0.0981 | Val IoU: 0.0542 | LR: 1.00e-04 | Time: 9m 40s | * BEST
2026-07-21 13:16:41 | [32mINFO    [0m | Trainer |   Per-class Dice: MA: 0.0011 | HE: 0.0175 | EX: 0.2344 | SE: 0.1393
2026-07-21 13:19:45 | [32mINFO    [0m | Trainer | Epoch   5/80 | Train Loss: 0.7043 | Val Loss: 0.7221 | Val Dice: 0.0405 | Val IoU: 0.0216 | LR: 8.00e-05 | Time: 7m 40s | 
2026-07-21 13:19:45 | [32mINFO    [0m | Trainer |   Per-class Dice: MA: 0.0009 | HE: 0.0230 | EX: 0.1382 | SE: 0.0000
2026-07-21 13:22:52 | [32mINFO    [0m | Trainer | Epoch   2/40 | Train Loss: 0.7447 | Val Loss: 0.7791 | Val Dice: 0.0051 | Val IoU: 0.0025 | LR: 2.01e-05 | Time: 13m 5s | * BEST
2026-07-21 13:22:52 | [32mINFO    [0m | Trainer |   Per-class Dice: MA: 0.0009 | HE: 0.0076 | EX: 0.0076 | SE: 0.0042
2026-07-21 13:23:34 | [32mINFO    [0m | Trainer | Epoch   6/80 | Train Loss: 0.6941 | Val Loss: 0.7116 | Val Dice: 0.0829 | Val IoU: 0.0481 | LR: 1.00e-04 | Time: 8m 48s | * BEST
2026-07-21 13:23:34 | [32mINFO    [0m | Trainer |   Per-class Dice: MA: 0.0009 | HE: 0.0301 | EX: 0.3006 | SE: 0.0000
2026-07-21 13:24:49 | [32mINFO    [0m | Trainer | Epoch   7/80 | Train Loss: 0.6823 | Val Loss: 0.6971 | Val Dice: 0.1077 | Val IoU: 0.0595 | LR: 1.00e-04 | Time: 8m 8s | * BEST
2026-07-21 13:24:49 | [32mINFO    [0m | Trainer |   Per-class Dice: MA: 0.0012 | HE: 0.0513 | EX: 0.2445 | SE: 0.1339
2026-07-21 13:27:13 | [32mINFO    [0m | Trainer | Epoch   6/80 | Train Loss: 0.6941 | Val Loss: 0.7069 | Val Dice: 0.0814 | Val IoU: 0.0465 | LR: 1.00e-04 | Time: 7m 27s | * BEST
2026-07-21 13:27:13 | [32mINFO    [0m | Trainer |   Per-class Dice: MA: 0.0012 | HE: 0.0439 | EX: 0.2804 | SE: 0.0000
2026-07-21 13:32:48 | [32mINFO    [0m | Trainer | Epoch   7/80 | Train Loss: 0.6826 | Val Loss: 0.7022 | Val Dice: 0.0795 | Val IoU: 0.0453 | LR: 1.00e-04 | Time: 9m 14s | 
2026-07-21 13:32:48 | [32mINFO    [0m | Trainer |   Per-class Dice: MA: 0.0013 | HE: 0.0412 | EX: 0.2755 | SE: 0.0000
2026-07-21 13:33:14 | [32mINFO    [0m | Trainer | Epoch   3/40 | Train Loss: 0.7411 | Val Loss: 0.7906 | Val Dice: 0.0056 | Val IoU: 0.0028 | LR: 4.01e-05 | Time: 10m 21s | * BEST
2026-07-21 13:33:14 | [32mINFO    [0m | Trainer |   Per-class Dice: MA: 0.0009 | HE: 0.0076 | EX: 0.0101 | SE: 0.0037
2026-07-21 13:33:46 | [32mINFO    [0m | Trainer | Epoch   8/80 | Train Loss: 0.6629 | Val Loss: 0.6796 | Val Dice: 0.1475 | Val IoU: 0.0826 | LR: 9.98e-05 | Time: 8m 57s | * BEST
2026-07-21 13:33:46 | [32mINFO    [0m | Trainer |   Per-class Dice: MA: 0.0025 | HE: 0.2342 | EX: 0.2411 | SE: 0.1123
2026-07-21 13:35:08 | [32mINFO    [0m | Trainer | Epoch   7/80 | Train Loss: 0.6827 | Val Loss: 0.6983 | Val Dice: 0.0767 | Val IoU: 0.0428 | LR: 1.00e-04 | Time: 7m 55s | 
2026-07-21 13:35:08 | [32mINFO    [0m | Trainer |   Per-class Dice: MA: 0.0014 | HE: 0.0620 | EX: 0.2435 | SE: 0.0000
2026-07-21 13:42:06 | [32mINFO    [0m | Trainer | Epoch   8/80 | Train Loss: 0.6624 | Val Loss: 0.6867 | Val Dice: 0.0835 | Val IoU: 0.0476 | LR: 9.98e-05 | Time: 9m 17s | * BEST
2026-07-21 13:42:06 | [32mINFO    [0m | Trainer |   Per-class Dice: MA: 0.0011 | HE: 0.0541 | EX: 0.2787 | SE: 0.0000
2026-07-21 13:43:05 | [32mINFO    [0m | Trainer | Epoch   4/40 | Train Loss: 0.7387 | Val Loss: 0.7836 | Val Dice: 0.0059 | Val IoU: 0.0030 | LR: 6.00e-05 | Time: 9m 51s | * BEST
2026-07-21 13:43:05 | [32mINFO    [0m | Trainer |   Per-class Dice: MA: 0.0009 | HE: 0.0076 | EX: 0.0113 | SE: 0.0038
2026-07-21 13:43:24 | [32mINFO    [0m | Trainer | Epoch   9/80 | Train Loss: 0.6426 | Val Loss: 0.6678 | Val Dice: 0.1648 | Val IoU: 0.0931 | LR: 9.97e-05 | Time: 9m 38s | * BEST
2026-07-21 13:43:24 | [32mINFO    [0m | Trainer |   Per-class Dice: MA: 0.0241 | HE: 0.1804 | EX: 0.3059 | SE: 0.1488
2026-07-21 13:44:02 | [32mINFO    [0m | Trainer | Epoch   8/80 | Train Loss: 0.6628 | Val Loss: 0.6730 | Val Dice: 0.1665 | Val IoU: 0.0994 | LR: 9.98e-05 | Time: 8m 53s | * BEST
2026-07-21 13:44:02 | [32mINFO    [0m | Trainer |   Per-class Dice: MA: 0.0118 | HE: 0.3556 | EX: 0.2985 | SE: 0.0000
2026-07-21 13:50:53 | [32mINFO    [0m | Trainer | Epoch   9/80 | Train Loss: 0.6431 | Val Loss: 0.6610 | Val Dice: 0.1352 | Val IoU: 0.0782 | LR: 9.97e-05 | Time: 8m 47s | * BEST
2026-07-21 13:50:53 | [32mINFO    [0m | Trainer |   Per-class Dice: MA: 0.0021 | HE: 0.2420 | EX: 0.2966 | SE: 0.0000
2026-07-21 13:52:53 | [32mINFO    [0m | Trainer | Epoch  10/80 | Train Loss: 0.6108 | Val Loss: 0.6496 | Val Dice: 0.1516 | Val IoU: 0.0848 | LR: 9.94e-05 | Time: 9m 28s | 
2026-07-21 13:52:53 | [32mINFO    [0m | Trainer |   Per-class Dice: MA: 0.0381 | HE: 0.2755 | EX: 0.2062 | SE: 0.0865
2026-07-21 13:53:12 | [32mINFO    [0m | Trainer | Epoch   9/80 | Train Loss: 0.6400 | Val Loss: 0.6620 | Val Dice: 0.1469 | Val IoU: 0.0847 | LR: 9.97e-05 | Time: 9m 10s | 
2026-07-21 13:53:12 | [32mINFO    [0m | Trainer |   Per-class Dice: MA: 0.0383 | HE: 0.2461 | EX: 0.3034 | SE: 0.0000
2026-07-21 13:53:33 | [32mINFO    [0m | Trainer | Epoch   5/40 | Train Loss: 0.7343 | Val Loss: 0.7665 | Val Dice: 0.0060 | Val IoU: 0.0030 | LR: 8.00e-05 | Time: 10m 28s | * BEST
2026-07-21 13:53:33 | [32mINFO    [0m | Trainer |   Per-class Dice: MA: 0.0009 | HE: 0.0076 | EX: 0.0112 | SE: 0.0043
2026-07-21 14:00:53 | [32mINFO    [0m | Trainer | Epoch  10/80 | Train Loss: 0.6157 | Val Loss: 0.6542 | Val Dice: 0.1390 | Val IoU: 0.0803 | LR: 9.94e-05 | Time: 7m 40s | 
2026-07-21 14:00:53 | [32mINFO    [0m | Trainer |   Per-class Dice: MA: 0.0227 | HE: 0.2145 | EX: 0.3186 | SE: 0.0000
2026-07-21 14:00:54 | [32mINFO    [0m | Trainer | Epoch  11/80 | Train Loss: 0.5546 | Val Loss: 0.6537 | Val Dice: 0.1594 | Val IoU: 0.0922 | LR: 9.90e-05 | Time: 8m 0s | 
2026-07-21 14:00:54 | [32mINFO    [0m | Trainer |   Per-class Dice: MA: 0.0146 | HE: 0.0876 | EX: 0.3600 | SE: 0.1753
2026-07-21 14:02:07 | [32mINFO    [0m | Trainer | Epoch   6/40 | Train Loss: 0.7312 | Val Loss: 0.7626 | Val Dice: 0.0082 | Val IoU: 0.0041 | LR: 1.00e-04 | Time: 8m 33s | * BEST
2026-07-21 14:02:07 | [32mINFO    [0m | Trainer |   Per-class Dice: MA: 0.0009 | HE: 0.0076 | EX: 0.0196 | SE: 0.0046
2026-07-21 14:06:32 | [32mINFO    [0m | Trainer | Epoch  11/80 | Train Loss: 0.5645 | Val Loss: 0.6342 | Val Dice: 0.1444 | Val IoU: 0.0839 | LR: 9.90e-05 | Time: 5m 39s | 
2026-07-21 14:06:32 | [32mINFO    [0m | Trainer |   Per-class Dice: MA: 0.0302 | HE: 0.2078 | EX: 0.3395 | SE: 0.0000
2026-07-21 14:07:02 | [32mINFO    [0m | Trainer | Epoch  12/80 | Train Loss: 0.5223 | Val Loss: 0.6275 | Val Dice: 0.1861 | Val IoU: 0.1069 | LR: 9.86e-05 | Time: 6m 8s | * BEST
2026-07-21 14:07:02 | [32mINFO    [0m | Trainer |   Per-class Dice: MA: 0.0213 | HE: 0.2321 | EX: 0.3350 | SE: 0.1558
2026-07-21 14:07:54 | [32mINFO    [0m | Trainer | Epoch   7/40 | Train Loss: 0.7250 | Val Loss: 0.7557 | Val Dice: 0.0107 | Val IoU: 0.0054 | LR: 1.00e-04 | Time: 5m 46s | * BEST
2026-07-21 14:07:54 | [32mINFO    [0m | Trainer |   Per-class Dice: MA: 0.0009 | HE: 0.0077 | EX: 0.0287 | SE: 0.0056
2026-07-21 14:11:46 | [32mINFO    [0m | Trainer | Epoch  12/80 | Train Loss: 0.5306 | Val Loss: 0.6307 | Val Dice: 0.1336 | Val IoU: 0.0769 | LR: 9.86e-05 | Time: 5m 13s | 
2026-07-21 14:11:46 | [32mINFO    [0m | Trainer |   Per-class Dice: MA: 0.0189 | HE: 0.2034 | EX: 0.3123 | SE: 0.0000
2026-07-21 14:12:20 | [32mINFO    [0m | Trainer | Epoch  13/80 | Train Loss: 0.5011 | Val Loss: 0.6348 | Val Dice: 0.2022 | Val IoU: 0.1175 | LR: 9.81e-05 | Time: 5m 18s | * BEST
2026-07-21 14:12:20 | [32mINFO    [0m | Trainer |   Per-class Dice: MA: 0.0268 | HE: 0.2565 | EX: 0.3565 | SE: 0.1690
2026-07-21 14:13:41 | [32mINFO    [0m | Trainer | Epoch   8/40 | Train Loss: 0.7230 | Val Loss: 0.7702 | Val Dice: 0.0074 | Val IoU: 0.0037 | LR: 9.98e-05 | Time: 5m 47s | 
2026-07-21 14:13:41 | [32mINFO    [0m | Trainer |   Per-class Dice: MA: 0.0009 | HE: 0.0076 | EX: 0.0175 | SE: 0.0036
2026-07-21 14:16:51 | [32mINFO    [0m | Trainer | Epoch  13/80 | Train Loss: 0.4920 | Val Loss: 0.6155 | Val Dice: 0.1435 | Val IoU: 0.0822 | LR: 9.81e-05 | Time: 5m 4s | 
2026-07-21 14:16:51 | [32mINFO    [0m | Trainer |   Per-class Dice: MA: 0.0368 | HE: 0.2774 | EX: 0.2596 | SE: 0.0000
2026-07-21 14:17:38 | [32mINFO    [0m | Trainer | Epoch  14/80 | Train Loss: 0.4851 | Val Loss: 0.6180 | Val Dice: 0.1685 | Val IoU: 0.0955 | LR: 9.76e-05 | Time: 5m 18s | 
2026-07-21 14:17:38 | [32mINFO    [0m | Trainer |   Per-class Dice: MA: 0.0207 | HE: 0.2583 | EX: 0.2749 | SE: 0.1203
2026-07-21 14:19:34 | [32mINFO    [0m | Trainer | Epoch   9/40 | Train Loss: 0.7199 | Val Loss: 0.7455 | Val Dice: 0.0466 | Val IoU: 0.0252 | LR: 9.97e-05 | Time: 5m 52s | * BEST
2026-07-21 14:19:34 | [32mINFO    [0m | Trainer |   Per-class Dice: MA: 0.0009 | HE: 0.0080 | EX: 0.1668 | SE: 0.0108
2026-07-21 14:21:43 | [32mINFO    [0m | Trainer | Epoch  14/80 | Train Loss: 0.4554 | Val Loss: 0.5905 | Val Dice: 0.0631 | Val IoU: 0.0354 | LR: 9.76e-05 | Time: 4m 52s | 
2026-07-21 14:21:43 | [32mINFO    [0m | Trainer |   Per-class Dice: MA: 0.0143 | HE: 0.2326 | EX: 0.0054 | SE: 0.0000
2026-07-21 14:22:39 | [32mINFO    [0m | Trainer | Epoch  15/80 | Train Loss: 0.4385 | Val Loss: 0.5980 | Val Dice: 0.1662 | Val IoU: 0.0951 | LR: 9.69e-05 | Time: 5m 0s | 
2026-07-21 14:22:39 | [32mINFO    [0m | Trainer |   Per-class Dice: MA: 0.0202 | HE: 0.2938 | EX: 0.2702 | SE: 0.0805
2026-07-21 14:24:35 | [32mINFO    [0m | Trainer | Epoch  10/40 | Train Loss: 0.7156 | Val Loss: 0.7561 | Val Dice: 0.0155 | Val IoU: 0.0079 | LR: 9.94e-05 | Time: 5m 1s | 
2026-07-21 14:24:35 | [32mINFO    [0m | Trainer |   Per-class Dice: MA: 0.0009 | HE: 0.0086 | EX: 0.0486 | SE: 0.0038
2026-07-21 14:26:25 | [32mINFO    [0m | Trainer | Epoch  15/80 | Train Loss: 0.4289 | Val Loss: 0.5788 | Val Dice: 0.0731 | Val IoU: 0.0418 | LR: 9.69e-05 | Time: 4m 42s | 
2026-07-21 14:26:25 | [32mINFO    [0m | Trainer |   Per-class Dice: MA: 0.0248 | HE: 0.2678 | EX: 0.0000 | SE: 0.0000
2026-07-21 14:27:43 | [32mINFO    [0m | Trainer | Epoch  16/80 | Train Loss: 0.4208 | Val Loss: 0.6153 | Val Dice: 0.1478 | Val IoU: 0.0827 | LR: 9.62e-05 | Time: 5m 3s | 
2026-07-21 14:27:43 | [32mINFO    [0m | Trainer |   Per-class Dice: MA: 0.0211 | HE: 0.2537 | EX: 0.2303 | SE: 0.0860
2026-07-21 14:30:15 | [32mINFO    [0m | Trainer | Epoch  11/40 | Train Loss: 0.7142 | Val Loss: 0.7373 | Val Dice: 0.0500 | Val IoU: 0.0267 | LR: 9.90e-05 | Time: 5m 40s | * BEST
2026-07-21 14:30:15 | [32mINFO    [0m | Trainer |   Per-class Dice: MA: 0.0009 | HE: 0.0104 | EX: 0.1569 | SE: 0.0319
2026-07-21 14:30:45 | [32mINFO    [0m | Trainer | Epoch  16/80 | Train Loss: 0.4176 | Val Loss: 0.5894 | Val Dice: 0.0713 | Val IoU: 0.0406 | LR: 9.62e-05 | Time: 4m 19s | 
2026-07-21 14:30:45 | [32mINFO    [0m | Trainer |   Per-class Dice: MA: 0.0236 | HE: 0.2618 | EX: 0.0000 | SE: 0.0000
2026-07-21 14:32:16 | [32mINFO    [0m | Trainer | Epoch  17/80 | Train Loss: 0.4257 | Val Loss: 0.6150 | Val Dice: 0.1485 | Val IoU: 0.0829 | LR: 9.54e-05 | Time: 4m 33s | 
2026-07-21 14:32:16 | [32mINFO    [0m | Trainer |   Per-class Dice: MA: 0.0303 | HE: 0.2329 | EX: 0.2468 | SE: 0.0839
2026-07-21 14:35:19 | [32mINFO    [0m | Trainer | Epoch  17/80 | Train Loss: 0.4317 | Val Loss: 0.5866 | Val Dice: 0.0730 | Val IoU: 0.0417 | LR: 9.54e-05 | Time: 4m 34s | 
2026-07-21 14:35:19 | [32mINFO    [0m | Trainer |   Per-class Dice: MA: 0.0246 | HE: 0.2675 | EX: 0.0000 | SE: 0.0000
2026-07-21 14:36:03 | [32mINFO    [0m | Trainer | Epoch  12/40 | Train Loss: 0.7108 | Val Loss: 0.7400 | Val Dice: 0.0476 | Val IoU: 0.0254 | LR: 9.86e-05 | Time: 5m 47s | 
2026-07-21 14:36:03 | [32mINFO    [0m | Trainer |   Per-class Dice: MA: 0.0009 | HE: 0.0113 | EX: 0.1509 | SE: 0.0274
2026-07-21 14:36:52 | [32mINFO    [0m | Trainer | Epoch  18/80 | Train Loss: 0.3702 | Val Loss: 0.5936 | Val Dice: 0.0706 | Val IoU: 0.0379 | LR: 9.46e-05 | Time: 4m 35s | 
2026-07-21 14:36:52 | [32mINFO    [0m | Trainer |   Per-class Dice: MA: 0.0433 | HE: 0.1780 | EX: 0.0612 | SE: 0.0000
2026-07-21 14:44:53 | [32mINFO    [0m | Trainer | Epoch  18/80 | Train Loss: 0.4068 | Val Loss: 0.5894 | Val Dice: 0.0617 | Val IoU: 0.0337 | LR: 9.46e-05 | Time: 9m 34s | 
2026-07-21 14:44:53 | [32mINFO    [0m | Trainer |   Per-class Dice: MA: 0.0293 | HE: 0.1992 | EX: 0.0184 | SE: 0.0000
2026-07-21 14:47:16 | [32mINFO    [0m | Trainer | Epoch  13/40 | Train Loss: 0.7103 | Val Loss: 0.7339 | Val Dice: 0.0326 | Val IoU: 0.0171 | LR: 9.81e-05 | Time: 11m 12s | 
2026-07-21 14:47:16 | [32mINFO    [0m | Trainer |   Per-class Dice: MA: 0.0009 | HE: 0.0148 | EX: 0.1081 | SE: 0.0068
2026-07-21 14:49:53 | [32mINFO    [0m | Trainer | Epoch  19/80 | Train Loss: 0.3337 | Val Loss: 0.5889 | Val Dice: 0.0549 | Val IoU: 0.0304 | LR: 9.36e-05 | Time: 13m 0s | 
2026-07-21 14:49:53 | [32mINFO    [0m | Trainer |   Per-class Dice: MA: 0.0143 | HE: 0.2053 | EX: 0.0000 | SE: 0.0000
2026-07-21 14:59:18 | [32mINFO    [0m | Trainer | Epoch  19/80 | Train Loss: 0.3683 | Val Loss: 0.5838 | Val Dice: 0.0784 | Val IoU: 0.0451 | LR: 9.36e-05 | Time: 14m 24s | 
2026-07-21 14:59:18 | [32mINFO    [0m | Trainer |   Per-class Dice: MA: 0.0301 | HE: 0.2835 | EX: 0.0000 | SE: 0.0000
2026-07-21 14:59:26 | [32mINFO    [0m | Trainer | Epoch  14/40 | Train Loss: 0.7033 | Val Loss: 0.7372 | Val Dice: 0.0693 | Val IoU: 0.0378 | LR: 9.76e-05 | Time: 12m 10s | * BEST
2026-07-21 14:59:26 | [32mINFO    [0m | Trainer |   Per-class Dice: MA: 0.0009 | HE: 0.0106 | EX: 0.2059 | SE: 0.0597
2026-07-21 15:03:56 | [32mINFO    [0m | Trainer | Epoch  20/80 | Train Loss: 0.3171 | Val Loss: 0.5942 | Val Dice: 0.0551 | Val IoU: 0.0304 | LR: 9.26e-05 | Time: 14m 3s | 
2026-07-21 15:03:56 | [32mINFO    [0m | Trainer |   Per-class Dice: MA: 0.0183 | HE: 0.2021 | EX: 0.0000 | SE: 0.0000
2026-07-21 15:09:54 | [32mINFO    [0m | Trainer | Epoch  15/40 | Train Loss: 0.7037 | Val Loss: 0.7298 | Val Dice: 0.0639 | Val IoU: 0.0346 | LR: 9.69e-05 | Time: 10m 28s | 
2026-07-21 15:09:54 | [32mINFO    [0m | Trainer |   Per-class Dice: MA: 0.0009 | HE: 0.0121 | EX: 0.1886 | SE: 0.0541
2026-07-21 15:13:12 | [32mINFO    [0m | Trainer | Epoch  20/80 | Train Loss: 0.3349 | Val Loss: 0.5816 | Val Dice: 0.0695 | Val IoU: 0.0394 | LR: 9.26e-05 | Time: 13m 54s | 
2026-07-21 15:13:12 | [32mINFO    [0m | Trainer |   Per-class Dice: MA: 0.0239 | HE: 0.2542 | EX: 0.0000 | SE: 0.0000
2026-07-21 15:17:47 | [32mINFO    [0m | Trainer | Epoch  21/80 | Train Loss: 0.3006 | Val Loss: 0.5783 | Val Dice: 0.0720 | Val IoU: 0.0404 | LR: 9.16e-05 | Time: 13m 51s | 
2026-07-21 15:17:47 | [32mINFO    [0m | Trainer |   Per-class Dice: MA: 0.0410 | HE: 0.2469 | EX: 0.0000 | SE: 0.0000
2026-07-21 15:18:15 | [32mINFO    [0m | Trainer | Epoch  16/40 | Train Loss: 0.6987 | Val Loss: 0.7249 | Val Dice: 0.0934 | Val IoU: 0.0519 | LR: 9.62e-05 | Time: 8m 20s | * BEST
2026-07-21 15:18:15 | [32mINFO    [0m | Trainer |   Per-class Dice: MA: 0.0009 | HE: 0.0117 | EX: 0.2485 | SE: 0.1125
2026-07-21 15:21:15 | [32mINFO    [0m | Trainer | Epoch  17/40 | Train Loss: 0.6976 | Val Loss: 0.7270 | Val Dice: 0.0941 | Val IoU: 0.0526 | LR: 9.54e-05 | Time: 2m 59s | * BEST
2026-07-21 15:21:15 | [32mINFO    [0m | Trainer |   Per-class Dice: MA: 0.0010 | HE: 0.0091 | EX: 0.2566 | SE: 0.1099
2026-07-21 15:29:06 | [32mINFO    [0m | Trainer | ============================================================
2026-07-21 15:29:06 | [32mINFO    [0m | Trainer |   RetinaAI — Training Started
2026-07-21 15:29:06 | [32mINFO    [0m | Trainer | ============================================================
2026-07-21 15:29:06 | [32mINFO    [0m | Trainer |   Device:       cuda
2026-07-21 15:29:06 | [32mINFO    [0m | Trainer |   Epochs:       40
2026-07-21 15:29:06 | [32mINFO    [0m | Trainer |   Batch size:   4
2026-07-21 15:29:06 | [32mINFO    [0m | Trainer |   Loss:         hybrid_lesion
2026-07-21 15:29:06 | [32mINFO    [0m | Trainer |   Optimizer:    adamw
2026-07-21 15:29:06 | [32mINFO    [0m | Trainer |   LR:           0.0001
2026-07-21 15:29:06 | [32mINFO    [0m | Trainer |   AMP:          True
2026-07-21 15:29:06 | [32mINFO    [0m | Trainer |   Experiment:   exp_09_multiclass_patch_hybrid
2026-07-21 15:29:06 | [32mINFO    [0m | Trainer | ============================================================
2026-07-21 15:40:00 | [32mINFO    [0m | Trainer | Epoch   1/40 | Train Loss: 0.7734 | Val Loss: 0.7903 | Val Dice: 0.0111 | Val IoU: 0.0056 | LR: 1.00e-04 | Time: 10m 54s | * BEST
2026-07-21 15:40:00 | [32mINFO    [0m | Trainer |   Per-class Dice: MA: 0.0009 | HE: 0.0077 | EX: 0.0317 | SE: 0.0041
2026-07-21 15:50:48 | [32mINFO    [0m | Trainer | Epoch   2/40 | Train Loss: 0.7623 | Val Loss: 0.7901 | Val Dice: 0.0337 | Val IoU: 0.0178 | LR: 2.01e-05 | Time: 10m 48s | * BEST
2026-07-21 15:50:48 | [32mINFO    [0m | Trainer |   Per-class Dice: MA: 0.0009 | HE: 0.0077 | EX: 0.1216 | SE: 0.0047
2026-07-21 16:05:14 | [32mINFO    [0m | Trainer | Epoch   3/40 | Train Loss: 0.7591 | Val Loss: 0.7841 | Val Dice: 0.0524 | Val IoU: 0.0288 | LR: 4.01e-05 | Time: 14m 26s | * BEST
2026-07-21 16:05:14 | [32mINFO    [0m | Trainer |   Per-class Dice: MA: 0.0009 | HE: 0.0088 | EX: 0.1949 | SE: 0.0049
2026-07-21 16:17:08 | [32mINFO    [0m | Trainer | Epoch   4/40 | Train Loss: 0.7531 | Val Loss: 0.7805 | Val Dice: 0.0696 | Val IoU: 0.0383 | LR: 6.00e-05 | Time: 11m 54s | * BEST
2026-07-21 16:17:08 | [32mINFO    [0m | Trainer |   Per-class Dice: MA: 0.0009 | HE: 0.0089 | EX: 0.2183 | SE: 0.0501
