2026-06-18 21:26:44 | [32mINFO    [0m | ClassifierTrainer | ============================================================
2026-06-18 21:26:44 | [32mINFO    [0m | ClassifierTrainer |   RetinaAI — Stage 2 Severity Classification Training
2026-06-18 21:26:44 | [32mINFO    [0m | ClassifierTrainer |   Variant:     CLASSIFIER_ONLY
2026-06-18 21:26:44 | [32mINFO    [0m | ClassifierTrainer |   Experiment:  exp_04_cls_classifier_only
2026-06-18 21:26:44 | [32mINFO    [0m | ClassifierTrainer | ============================================================
2026-06-18 21:26:44 | [32mINFO    [0m | ClassifierTrainer | Using device: cpu
2026-06-18 21:26:44 | [32mINFO    [0m | ClassifierTrainer | Building HybridDRClassifier (classifier_only) | in_channels=3 | feature_dim=0
2026-06-18 21:26:44 | [32mINFO    [0m | ClassifierTrainer |   Total classifier parameters:     18,470,221
2026-06-18 21:26:44 | [32mINFO    [0m | ClassifierTrainer |   Trainable classifier parameters: 18,470,221
2026-06-18 21:26:44 | [32mINFO    [0m | ClassifierTrainer | Building APTOS 2019 dataloaders...
2026-06-18 21:26:44 | [32mINFO    [0m | ClassifierTrainer |   Train size: 2930
2026-06-18 21:26:44 | [32mINFO    [0m | ClassifierTrainer |   Val size:   366
2026-06-18 21:26:44 | [32mINFO    [0m | ClassifierTrainer |   Test size:  366
2026-06-18 21:29:58 | [32mINFO    [0m | ClassifierTrainer | Epoch  1/1 | Loss: 1.7187 / 1.6069 | Acc: 0.1250 / 0.1875 | QWK: 0.2262 / 0.0720 | LR: 1.00e-04 | Time: 3m 13s | ★ BEST
2026-06-18 21:30:01 | [32mINFO    [0m | ClassifierTrainer | ============================================================
2026-06-18 21:30:01 | [32mINFO    [0m | ClassifierTrainer |   Training completed in 3m 16s
2026-06-18 21:30:01 | [32mINFO    [0m | ClassifierTrainer |   Best Val QWK: 0.0720 (epoch 1)
2026-06-18 21:30:01 | [32mINFO    [0m | ClassifierTrainer | ============================================================
2026-06-18 21:30:03 | [32mINFO    [0m | ClassifierTrainer | Training curves saved to: experiments\exp_04_cls_classifier_only\plots\classification_curves.png
2026-06-18 21:30:03 | [32mINFO    [0m | ClassifierTrainer | 
============================================================
2026-06-18 21:30:03 | [32mINFO    [0m | ClassifierTrainer |   Evaluating best model on Test Set
2026-06-18 21:30:03 | [32mINFO    [0m | ClassifierTrainer | ============================================================
2026-06-18 21:30:03 | [32mINFO    [0m | ClassifierTrainer | Loaded best classifier model from epoch 1
2026-06-18 21:30:44 | [32mINFO    [0m | ClassifierTrainer | Test Loss:     1.6119
2026-06-18 21:30:44 | [32mINFO    [0m | ClassifierTrainer | Test Accuracy: 0.0625
2026-06-18 21:30:44 | [32mINFO    [0m | ClassifierTrainer | Test F1-Score: 0.0364
2026-06-18 21:30:44 | [32mINFO    [0m | ClassifierTrainer | Test QWK:      0.1093
2026-06-18 21:30:44 | [32mINFO    [0m | ClassifierTrainer | Test results saved to: experiments\exp_04_cls_classifier_only\test_results.json
2026-07-03 21:15:28 | [32mINFO    [0m | ClassifierTrainer | ============================================================
2026-07-03 21:15:28 | [32mINFO    [0m | ClassifierTrainer |   RetinaAI — Stage 2 Severity Classification Training
2026-07-03 21:15:28 | [32mINFO    [0m | ClassifierTrainer |   Variant:     CLASSIFIER_ONLY
2026-07-03 21:15:28 | [32mINFO    [0m | ClassifierTrainer |   Experiment:  exp_04_cls_classifier_only
2026-07-03 21:15:28 | [32mINFO    [0m | ClassifierTrainer | ============================================================
2026-07-03 21:15:28 | [32mINFO    [0m | ClassifierTrainer | Using device: cuda
2026-07-03 21:15:28 | [32mINFO    [0m | ClassifierTrainer | Building HybridDRClassifier (classifier_only) | in_channels=3 | feature_dim=0
2026-07-03 21:15:30 | [32mINFO    [0m | ClassifierTrainer |   Total classifier parameters:     18,470,221
2026-07-03 21:15:30 | [32mINFO    [0m | ClassifierTrainer |   Trainable classifier parameters: 18,470,221
2026-07-03 21:15:30 | [32mINFO    [0m | ClassifierTrainer | Building APTOS 2019 dataloaders...
2026-07-03 21:15:30 | [32mINFO    [0m | ClassifierTrainer |   Train size: 2930
2026-07-03 21:15:30 | [32mINFO    [0m | ClassifierTrainer |   Val size:   366
2026-07-03 21:15:30 | [32mINFO    [0m | ClassifierTrainer |   Test size:  366
2026-07-05 12:35:59 | [32mINFO    [0m | ClassifierTrainer | ============================================================
2026-07-05 12:35:59 | [32mINFO    [0m | ClassifierTrainer |   RetinaAI — Stage 2 Severity Classification Training
2026-07-05 12:35:59 | [32mINFO    [0m | ClassifierTrainer |   Variant:     CLASSIFIER_ONLY
2026-07-05 12:35:59 | [32mINFO    [0m | ClassifierTrainer |   Experiment:  exp_04_cls_classifier_only
2026-07-05 12:35:59 | [32mINFO    [0m | ClassifierTrainer | ============================================================
2026-07-05 12:35:59 | [32mINFO    [0m | ClassifierTrainer | Using device: cuda
2026-07-05 12:35:59 | [32mINFO    [0m | ClassifierTrainer | Building HybridDRClassifier (classifier_only) | in_channels=3 | feature_dim=0
2026-07-05 12:36:01 | [32mINFO    [0m | ClassifierTrainer |   Total classifier parameters:     18,470,221
2026-07-05 12:36:01 | [32mINFO    [0m | ClassifierTrainer |   Trainable classifier parameters: 18,470,221
2026-07-05 12:36:01 | [32mINFO    [0m | ClassifierTrainer | Building APTOS 2019 dataloaders...
2026-07-05 12:36:01 | [32mINFO    [0m | ClassifierTrainer |   Train size: 2930
2026-07-05 12:36:01 | [32mINFO    [0m | ClassifierTrainer |   Val size:   366
2026-07-05 12:36:01 | [32mINFO    [0m | ClassifierTrainer |   Test size:  366
2026-07-05 12:46:39 | [32mINFO    [0m | ClassifierTrainer | Epoch  1/40 | Loss: 0.9560 / 0.5986 | Acc: 0.6499 / 0.7705 | QWK: 0.5846 / 0.7999 | LR: 1.00e-04 | Time: 10m 37s | * BEST
2026-07-05 12:53:21 | [32mINFO    [0m | ClassifierTrainer | Epoch  2/40 | Loss: 0.7547 / 0.5524 | Acc: 0.7227 / 0.8005 | QWK: 0.7260 / 0.8397 | LR: 1.00e-04 | Time: 6m 38s | * BEST
2026-07-05 12:56:32 | [32mINFO    [0m | ClassifierTrainer | Epoch  3/40 | Loss: 0.6829 / 0.5078 | Acc: 0.7418 / 0.8115 | QWK: 0.7733 / 0.8592 | LR: 1.00e-04 | Time: 3m 10s | * BEST
2026-07-05 12:59:45 | [32mINFO    [0m | ClassifierTrainer | Epoch  4/40 | Loss: 0.6595 / 0.4845 | Acc: 0.7609 / 0.8115 | QWK: 0.7921 / 0.8695 | LR: 1.00e-04 | Time: 3m 12s | * BEST
2026-07-05 13:02:56 | [32mINFO    [0m | ClassifierTrainer | Epoch  5/40 | Loss: 0.6351 / 0.4870 | Acc: 0.7725 / 0.8224 | QWK: 0.8144 / 0.8767 | LR: 1.00e-04 | Time: 3m 9s | * BEST
2026-07-05 13:06:06 | [32mINFO    [0m | ClassifierTrainer | Epoch  6/40 | Loss: 0.6169 / 0.4831 | Acc: 0.7848 / 0.8224 | QWK: 0.8149 / 0.8824 | LR: 1.00e-04 | Time: 3m 9s | * BEST
2026-07-05 13:09:17 | [32mINFO    [0m | ClassifierTrainer | Epoch  7/40 | Loss: 0.5865 / 0.4899 | Acc: 0.7971 / 0.8224 | QWK: 0.8250 / 0.8925 | LR: 1.00e-04 | Time: 3m 10s | * BEST
2026-07-05 13:12:27 | [32mINFO    [0m | ClassifierTrainer | Epoch  8/40 | Loss: 0.5690 / 0.4698 | Acc: 0.7954 / 0.8306 | QWK: 0.8359 / 0.8927 | LR: 1.00e-04 | Time: 3m 8s | * BEST
2026-07-05 13:15:36 | [32mINFO    [0m | ClassifierTrainer | Epoch  9/40 | Loss: 0.5077 / 0.4853 | Acc: 0.8163 / 0.8279 | QWK: 0.8495 / 0.8875 | LR: 1.00e-04 | Time: 3m 8s | 
2026-07-05 13:18:46 | [32mINFO    [0m | ClassifierTrainer | Epoch 10/40 | Loss: 0.4948 / 0.4684 | Acc: 0.8282 / 0.8497 | QWK: 0.8640 / 0.9111 | LR: 1.00e-04 | Time: 3m 9s | * BEST
2026-07-05 13:21:56 | [32mINFO    [0m | ClassifierTrainer | Epoch 11/40 | Loss: 0.4918 / 0.4864 | Acc: 0.8238 / 0.8470 | QWK: 0.8783 / 0.9067 | LR: 1.00e-04 | Time: 3m 8s | 
2026-07-05 13:25:06 | [32mINFO    [0m | ClassifierTrainer | Epoch 12/40 | Loss: 0.4833 / 0.4800 | Acc: 0.8245 / 0.8361 | QWK: 0.8628 / 0.9062 | LR: 1.00e-04 | Time: 3m 9s | 
2026-07-05 13:28:16 | [32mINFO    [0m | ClassifierTrainer | Epoch 13/40 | Loss: 0.4792 / 0.5066 | Acc: 0.8333 / 0.8361 | QWK: 0.8582 / 0.8919 | LR: 1.00e-04 | Time: 3m 10s | 
2026-07-05 13:31:25 | [32mINFO    [0m | ClassifierTrainer | Epoch 14/40 | Loss: 0.4714 / 0.4907 | Acc: 0.8374 / 0.8525 | QWK: 0.8757 / 0.9148 | LR: 1.00e-04 | Time: 3m 8s | * BEST
2026-07-05 13:34:33 | [32mINFO    [0m | ClassifierTrainer | Epoch 15/40 | Loss: 0.4521 / 0.4827 | Acc: 0.8388 / 0.8552 | QWK: 0.8757 / 0.9178 | LR: 1.00e-04 | Time: 3m 7s | * BEST
2026-07-05 13:37:45 | [32mINFO    [0m | ClassifierTrainer | Epoch 16/40 | Loss: 0.4567 / 0.5072 | Acc: 0.8470 / 0.8525 | QWK: 0.8789 / 0.9087 | LR: 1.00e-04 | Time: 3m 10s | 
2026-07-05 13:40:55 | [32mINFO    [0m | ClassifierTrainer | Epoch 17/40 | Loss: 0.4174 / 0.5227 | Acc: 0.8480 / 0.8279 | QWK: 0.8819 / 0.8999 | LR: 1.00e-04 | Time: 3m 9s | 
2026-07-05 13:44:04 | [32mINFO    [0m | ClassifierTrainer | Epoch 18/40 | Loss: 0.4014 / 0.5275 | Acc: 0.8552 / 0.8470 | QWK: 0.8903 / 0.9115 | LR: 1.00e-04 | Time: 3m 9s | 
2026-07-05 13:47:16 | [32mINFO    [0m | ClassifierTrainer | Epoch 19/40 | Loss: 0.4090 / 0.5647 | Acc: 0.8661 / 0.8388 | QWK: 0.8824 / 0.8830 | LR: 1.00e-04 | Time: 3m 10s | 
2026-07-05 13:57:04 | [32mINFO    [0m | ClassifierTrainer | Epoch 20/40 | Loss: 0.4159 / 0.5233 | Acc: 0.8702 / 0.8579 | QWK: 0.8916 / 0.9146 | LR: 1.00e-04 | Time: 9m 47s | 
