2026-07-18 09:14:52 | [32mINFO    [0m | Trainer | ============================================================
2026-07-18 09:14:52 | [32mINFO    [0m | Trainer |   RetinaAI — Training Started
2026-07-18 09:14:52 | [32mINFO    [0m | Trainer | ============================================================
2026-07-18 09:14:52 | [32mINFO    [0m | Trainer |   Device:       cuda
2026-07-18 09:14:52 | [32mINFO    [0m | Trainer |   Epochs:       150
2026-07-18 09:14:52 | [32mINFO    [0m | Trainer |   Batch size:   4
2026-07-18 09:14:52 | [32mINFO    [0m | Trainer |   Loss:         dice_focal
2026-07-18 09:14:52 | [32mINFO    [0m | Trainer |   Optimizer:    adamw
2026-07-18 09:14:52 | [32mINFO    [0m | Trainer |   LR:           0.0003
2026-07-18 09:14:52 | [32mINFO    [0m | Trainer |   AMP:          True
2026-07-18 09:14:52 | [32mINFO    [0m | Trainer |   Experiment:   exp_06
2026-07-18 09:14:52 | [32mINFO    [0m | Trainer | ============================================================
2026-07-18 09:16:17 | [32mINFO    [0m | Trainer | Epoch   1/150 | Train Loss: 0.6142 | Val Loss: 0.6090 | Val Dice: 0.0052 | Val IoU: 0.0026 | LR: 3.00e-04 | Time: 1m 24s | * BEST
2026-07-18 09:16:17 | [32mINFO    [0m | Trainer |   Per-class Dice: MA: 0.0011 | HE: 0.0076 | EX: 0.0091 | SE: 0.0028
2026-07-18 09:17:45 | [32mINFO    [0m | Trainer | Epoch   2/150 | Train Loss: 0.6087 | Val Loss: 0.6078 | Val Dice: 0.0052 | Val IoU: 0.0026 | LR: 6.08e-05 | Time: 1m 28s | 
2026-07-18 09:17:45 | [32mINFO    [0m | Trainer |   Per-class Dice: MA: 0.0011 | HE: 0.0076 | EX: 0.0091 | SE: 0.0028
2026-07-18 09:19:14 | [32mINFO    [0m | Trainer | Epoch   3/150 | Train Loss: 0.6066 | Val Loss: 0.6053 | Val Dice: 0.0052 | Val IoU: 0.0026 | LR: 1.21e-04 | Time: 1m 28s | 
2026-07-18 09:19:14 | [32mINFO    [0m | Trainer |   Per-class Dice: MA: 0.0011 | HE: 0.0076 | EX: 0.0091 | SE: 0.0028
2026-07-18 09:20:42 | [32mINFO    [0m | Trainer | Epoch   4/150 | Train Loss: 0.6042 | Val Loss: 0.6023 | Val Dice: 0.0052 | Val IoU: 0.0026 | LR: 1.80e-04 | Time: 1m 28s | 
2026-07-18 09:20:42 | [32mINFO    [0m | Trainer |   Per-class Dice: MA: 0.0011 | HE: 0.0076 | EX: 0.0091 | SE: 0.0028
2026-07-18 09:22:10 | [32mINFO    [0m | Trainer | Epoch   5/150 | Train Loss: 0.6015 | Val Loss: 0.5988 | Val Dice: 0.0117 | Val IoU: 0.0059 | LR: 2.40e-04 | Time: 1m 28s | * BEST
2026-07-18 09:22:10 | [32mINFO    [0m | Trainer |   Per-class Dice: MA: 0.0011 | HE: 0.0076 | EX: 0.0091 | SE: 0.0288
2026-07-18 09:23:40 | [32mINFO    [0m | Trainer | Epoch   6/150 | Train Loss: 0.5992 | Val Loss: 0.5964 | Val Dice: 0.0440 | Val IoU: 0.0229 | LR: 3.00e-04 | Time: 1m 30s | * BEST
2026-07-18 09:23:40 | [32mINFO    [0m | Trainer |   Per-class Dice: MA: 0.0011 | HE: 0.0077 | EX: 0.0849 | SE: 0.0822
2026-07-18 09:25:10 | [32mINFO    [0m | Trainer | Epoch   7/150 | Train Loss: 0.5967 | Val Loss: 0.5921 | Val Dice: 0.0985 | Val IoU: 0.0551 | LR: 2.99e-04 | Time: 1m 30s | * BEST
2026-07-18 09:25:10 | [32mINFO    [0m | Trainer |   Per-class Dice: MA: 0.0011 | HE: 0.0077 | EX: 0.2555 | SE: 0.1298
2026-07-18 09:26:40 | [32mINFO    [0m | Trainer | Epoch   8/150 | Train Loss: 0.5924 | Val Loss: 0.5862 | Val Dice: 0.0973 | Val IoU: 0.0546 | LR: 2.97e-04 | Time: 1m 29s | 
2026-07-18 09:26:40 | [32mINFO    [0m | Trainer |   Per-class Dice: MA: 0.0011 | HE: 0.0136 | EX: 0.2693 | SE: 0.1050
2026-07-18 09:28:08 | [32mINFO    [0m | Trainer | Epoch   9/150 | Train Loss: 0.5867 | Val Loss: 0.5749 | Val Dice: 0.1674 | Val IoU: 0.1033 | LR: 2.93e-04 | Time: 1m 28s | * BEST
2026-07-18 09:28:08 | [32mINFO    [0m | Trainer |   Per-class Dice: MA: 0.0011 | HE: 0.0126 | EX: 0.4554 | SE: 0.2005
2026-07-18 09:29:40 | [32mINFO    [0m | Trainer | Epoch  10/150 | Train Loss: 0.5783 | Val Loss: 0.5642 | Val Dice: 0.1589 | Val IoU: 0.0969 | LR: 2.87e-04 | Time: 1m 31s | 
2026-07-18 09:29:40 | [32mINFO    [0m | Trainer |   Per-class Dice: MA: 0.0011 | HE: 0.0135 | EX: 0.4341 | SE: 0.1868
2026-07-18 09:31:55 | [32mINFO    [0m | Trainer | Epoch  11/150 | Train Loss: 0.5673 | Val Loss: 0.5516 | Val Dice: 0.1844 | Val IoU: 0.1158 | LR: 2.80e-04 | Time: 2m 15s | * BEST
2026-07-18 09:31:55 | [32mINFO    [0m | Trainer |   Per-class Dice: MA: 0.0011 | HE: 0.0133 | EX: 0.4876 | SE: 0.2356
2026-07-18 09:33:35 | [32mINFO    [0m | Trainer | Epoch  12/150 | Train Loss: 0.5575 | Val Loss: 0.5475 | Val Dice: 0.1830 | Val IoU: 0.1142 | LR: 2.71e-04 | Time: 1m 39s | 
2026-07-18 09:33:35 | [32mINFO    [0m | Trainer |   Per-class Dice: MA: 0.0011 | HE: 0.0122 | EX: 0.4745 | SE: 0.2442
2026-07-18 09:35:04 | [32mINFO    [0m | Trainer | Epoch  13/150 | Train Loss: 0.5535 | Val Loss: 0.5422 | Val Dice: 0.1929 | Val IoU: 0.1212 | LR: 2.62e-04 | Time: 1m 29s | * BEST
2026-07-18 09:35:04 | [32mINFO    [0m | Trainer |   Per-class Dice: MA: 0.0018 | HE: 0.0132 | EX: 0.4845 | SE: 0.2720
2026-07-18 09:36:33 | [32mINFO    [0m | Trainer | Epoch  14/150 | Train Loss: 0.5470 | Val Loss: 0.5404 | Val Dice: 0.1961 | Val IoU: 0.1225 | LR: 2.51e-04 | Time: 1m 29s | * BEST
2026-07-18 09:36:33 | [32mINFO    [0m | Trainer |   Per-class Dice: MA: 0.0018 | HE: 0.0132 | EX: 0.4667 | SE: 0.3027
2026-07-18 09:38:02 | [32mINFO    [0m | Trainer | Epoch  15/150 | Train Loss: 0.5444 | Val Loss: 0.5380 | Val Dice: 0.1972 | Val IoU: 0.1242 | LR: 2.38e-04 | Time: 1m 28s | * BEST
2026-07-18 09:38:02 | [32mINFO    [0m | Trainer |   Per-class Dice: MA: 0.0018 | HE: 0.0135 | EX: 0.4863 | SE: 0.2872
2026-07-18 09:39:30 | [32mINFO    [0m | Trainer | Epoch  16/150 | Train Loss: 0.5414 | Val Loss: 0.5363 | Val Dice: 0.1982 | Val IoU: 0.1246 | LR: 2.25e-04 | Time: 1m 27s | * BEST
2026-07-18 09:39:30 | [32mINFO    [0m | Trainer |   Per-class Dice: MA: 0.0018 | HE: 0.0134 | EX: 0.4824 | SE: 0.2950
2026-07-18 09:40:58 | [32mINFO    [0m | Trainer | Epoch  17/150 | Train Loss: 0.5415 | Val Loss: 0.5338 | Val Dice: 0.1989 | Val IoU: 0.1257 | LR: 2.11e-04 | Time: 1m 28s | * BEST
2026-07-18 09:40:58 | [32mINFO    [0m | Trainer |   Per-class Dice: MA: 0.0019 | HE: 0.0159 | EX: 0.4968 | SE: 0.2811
2026-07-18 09:42:26 | [32mINFO    [0m | Trainer | Epoch  18/150 | Train Loss: 0.5383 | Val Loss: 0.5340 | Val Dice: 0.1960 | Val IoU: 0.1233 | LR: 1.97e-04 | Time: 1m 28s | 
2026-07-18 09:42:26 | [32mINFO    [0m | Trainer |   Per-class Dice: MA: 0.0019 | HE: 0.0160 | EX: 0.4880 | SE: 0.2779
2026-07-18 09:43:55 | [32mINFO    [0m | Trainer | Epoch  19/150 | Train Loss: 0.5357 | Val Loss: 0.5289 | Val Dice: 0.2049 | Val IoU: 0.1303 | LR: 1.82e-04 | Time: 1m 28s | * BEST
2026-07-18 09:43:55 | [32mINFO    [0m | Trainer |   Per-class Dice: MA: 0.0019 | HE: 0.0154 | EX: 0.5057 | SE: 0.2965
2026-07-18 09:45:23 | [32mINFO    [0m | Trainer | Epoch  20/150 | Train Loss: 0.5332 | Val Loss: 0.5267 | Val Dice: 0.1999 | Val IoU: 0.1261 | LR: 1.66e-04 | Time: 1m 28s | 
2026-07-18 09:45:23 | [32mINFO    [0m | Trainer |   Per-class Dice: MA: 0.0019 | HE: 0.0140 | EX: 0.4895 | SE: 0.2944
2026-07-18 09:46:51 | [32mINFO    [0m | Trainer | Epoch  21/150 | Train Loss: 0.5248 | Val Loss: 0.5190 | Val Dice: 0.2057 | Val IoU: 0.1301 | LR: 1.50e-04 | Time: 1m 27s | * BEST
2026-07-18 09:46:51 | [32mINFO    [0m | Trainer |   Per-class Dice: MA: 0.0018 | HE: 0.0137 | EX: 0.4872 | SE: 0.3200
2026-07-18 09:48:18 | [32mINFO    [0m | Trainer | Epoch  22/150 | Train Loss: 0.5146 | Val Loss: 0.4946 | Val Dice: 0.2054 | Val IoU: 0.1293 | LR: 1.35e-04 | Time: 1m 27s | 
2026-07-18 09:48:18 | [32mINFO    [0m | Trainer |   Per-class Dice: MA: 0.0019 | HE: 0.0139 | EX: 0.4722 | SE: 0.3335
2026-07-18 09:49:51 | [32mINFO    [0m | Trainer | Epoch  23/150 | Train Loss: 0.4969 | Val Loss: 0.4807 | Val Dice: 0.2047 | Val IoU: 0.1285 | LR: 1.19e-04 | Time: 1m 32s | 
2026-07-18 09:49:51 | [32mINFO    [0m | Trainer |   Per-class Dice: MA: 0.0022 | HE: 0.0140 | EX: 0.4629 | SE: 0.3396
2026-07-18 09:53:13 | [32mINFO    [0m | Trainer | Epoch  24/150 | Train Loss: 0.4850 | Val Loss: 0.4666 | Val Dice: 0.2040 | Val IoU: 0.1277 | LR: 1.04e-04 | Time: 3m 22s | 
2026-07-18 09:53:13 | [32mINFO    [0m | Trainer |   Per-class Dice: MA: 0.0019 | HE: 0.0142 | EX: 0.4537 | SE: 0.3461
2026-07-18 09:54:55 | [32mINFO    [0m | Trainer | Epoch  25/150 | Train Loss: 0.4757 | Val Loss: 0.4662 | Val Dice: 0.2063 | Val IoU: 0.1298 | LR: 8.97e-05 | Time: 1m 41s | * BEST
2026-07-18 09:54:55 | [32mINFO    [0m | Trainer |   Per-class Dice: MA: 0.0022 | HE: 0.0144 | EX: 0.4694 | SE: 0.3390
2026-07-18 09:56:22 | [32mINFO    [0m | Trainer | Epoch  26/150 | Train Loss: 0.4670 | Val Loss: 0.4515 | Val Dice: 0.1957 | Val IoU: 0.1215 | LR: 7.58e-05 | Time: 1m 27s | 
2026-07-18 09:56:22 | [32mINFO    [0m | Trainer |   Per-class Dice: MA: 0.0019 | HE: 0.0144 | EX: 0.4471 | SE: 0.3193
2026-07-18 09:57:51 | [32mINFO    [0m | Trainer | Epoch  27/150 | Train Loss: 0.4628 | Val Loss: 0.4528 | Val Dice: 0.2029 | Val IoU: 0.1271 | LR: 6.26e-05 | Time: 1m 28s | 
2026-07-18 09:57:51 | [32mINFO    [0m | Trainer |   Per-class Dice: MA: 0.0019 | HE: 0.0143 | EX: 0.4590 | SE: 0.3365
2026-07-18 09:59:19 | [32mINFO    [0m | Trainer | Epoch  28/150 | Train Loss: 0.4645 | Val Loss: 0.4505 | Val Dice: 0.2109 | Val IoU: 0.1332 | LR: 5.05e-05 | Time: 1m 28s | * BEST
2026-07-18 09:59:19 | [32mINFO    [0m | Trainer |   Per-class Dice: MA: 0.0022 | HE: 0.0145 | EX: 0.4683 | SE: 0.3588
2026-07-18 10:00:47 | [32mINFO    [0m | Trainer | Epoch  29/150 | Train Loss: 0.4615 | Val Loss: 0.4488 | Val Dice: 0.2083 | Val IoU: 0.1306 | LR: 3.94e-05 | Time: 1m 27s | 
2026-07-18 10:00:47 | [32mINFO    [0m | Trainer |   Per-class Dice: MA: 0.0020 | HE: 0.0141 | EX: 0.4374 | SE: 0.3797
2026-07-18 10:02:14 | [32mINFO    [0m | Trainer | Epoch  30/150 | Train Loss: 0.4589 | Val Loss: 0.4483 | Val Dice: 0.2075 | Val IoU: 0.1302 | LR: 2.96e-05 | Time: 1m 27s | 
2026-07-18 10:02:14 | [32mINFO    [0m | Trainer |   Per-class Dice: MA: 0.0020 | HE: 0.0140 | EX: 0.4464 | SE: 0.3677
2026-07-18 10:03:43 | [32mINFO    [0m | Trainer | Epoch  31/150 | Train Loss: 0.4475 | Val Loss: 0.4471 | Val Dice: 0.2088 | Val IoU: 0.1312 | LR: 2.10e-05 | Time: 1m 28s | 
2026-07-18 10:03:43 | [32mINFO    [0m | Trainer |   Per-class Dice: MA: 0.0021 | HE: 0.0138 | EX: 0.4493 | SE: 0.3701
2026-07-18 10:05:12 | [32mINFO    [0m | Trainer | Epoch  32/150 | Train Loss: 0.4611 | Val Loss: 0.4462 | Val Dice: 0.2093 | Val IoU: 0.1317 | LR: 1.39e-05 | Time: 1m 29s | 
2026-07-18 10:05:12 | [32mINFO    [0m | Trainer |   Per-class Dice: MA: 0.0020 | HE: 0.0140 | EX: 0.4534 | SE: 0.3680
2026-07-18 10:06:41 | [32mINFO    [0m | Trainer | Epoch  33/150 | Train Loss: 0.4568 | Val Loss: 0.4459 | Val Dice: 0.2093 | Val IoU: 0.1317 | LR: 8.32e-06 | Time: 1m 28s | 
2026-07-18 10:06:41 | [32mINFO    [0m | Trainer |   Per-class Dice: MA: 0.0019 | HE: 0.0144 | EX: 0.4543 | SE: 0.3667
2026-07-18 10:08:08 | [32mINFO    [0m | Trainer | Epoch  34/150 | Train Loss: 0.4556 | Val Loss: 0.4457 | Val Dice: 0.2109 | Val IoU: 0.1330 | LR: 4.27e-06 | Time: 1m 27s | 
2026-07-18 10:08:08 | [32mINFO    [0m | Trainer |   Per-class Dice: MA: 0.0020 | HE: 0.0141 | EX: 0.4613 | SE: 0.3663
2026-07-18 10:09:37 | [32mINFO    [0m | Trainer | Epoch  35/150 | Train Loss: 0.4563 | Val Loss: 0.4479 | Val Dice: 0.2116 | Val IoU: 0.1336 | LR: 1.82e-06 | Time: 1m 28s | * BEST
2026-07-18 10:09:37 | [32mINFO    [0m | Trainer |   Per-class Dice: MA: 0.0020 | HE: 0.0145 | EX: 0.4636 | SE: 0.3664
2026-07-18 10:11:05 | [32mINFO    [0m | Trainer | Epoch  36/150 | Train Loss: 0.4694 | Val Loss: 0.4479 | Val Dice: 0.2138 | Val IoU: 0.1353 | LR: 3.00e-04 | Time: 1m 28s | * BEST
2026-07-18 10:11:05 | [32mINFO    [0m | Trainer |   Per-class Dice: MA: 0.0026 | HE: 0.0140 | EX: 0.4676 | SE: 0.3710
2026-07-18 10:12:34 | [32mINFO    [0m | Trainer | Epoch  37/150 | Train Loss: 0.4632 | Val Loss: 0.4502 | Val Dice: 0.1889 | Val IoU: 0.1156 | LR: 3.00e-04 | Time: 1m 28s | 
2026-07-18 10:12:34 | [32mINFO    [0m | Trainer |   Per-class Dice: MA: 0.0019 | HE: 0.0144 | EX: 0.4012 | SE: 0.3380
2026-07-18 10:14:03 | [32mINFO    [0m | Trainer | Epoch  38/150 | Train Loss: 0.4312 | Val Loss: 0.4220 | Val Dice: 0.0082 | Val IoU: 0.0041 | LR: 2.99e-04 | Time: 1m 28s | 
2026-07-18 10:14:03 | [32mINFO    [0m | Trainer |   Per-class Dice: MA: 0.0058 | HE: 0.0268 | EX: 0.0000 | SE: 0.0000
2026-07-18 10:15:31 | [32mINFO    [0m | Trainer | Epoch  39/150 | Train Loss: 0.4291 | Val Loss: 0.4214 | Val Dice: 0.0045 | Val IoU: 0.0023 | LR: 2.98e-04 | Time: 1m 28s | 
2026-07-18 10:15:31 | [32mINFO    [0m | Trainer |   Per-class Dice: MA: 0.0033 | HE: 0.0147 | EX: 0.0000 | SE: 0.0000
2026-07-18 10:16:58 | [32mINFO    [0m | Trainer | Epoch  40/150 | Train Loss: 0.4277 | Val Loss: 0.4208 | Val Dice: 0.0070 | Val IoU: 0.0035 | LR: 2.97e-04 | Time: 1m 27s | 
2026-07-18 10:16:58 | [32mINFO    [0m | Trainer |   Per-class Dice: MA: 0.0059 | HE: 0.0222 | EX: 0.0000 | SE: 0.0000
2026-07-18 10:18:27 | [32mINFO    [0m | Trainer | Epoch  41/150 | Train Loss: 0.4261 | Val Loss: 0.4188 | Val Dice: 0.0114 | Val IoU: 0.0058 | LR: 2.95e-04 | Time: 1m 28s | 
2026-07-18 10:18:27 | [32mINFO    [0m | Trainer |   Per-class Dice: MA: 0.0077 | HE: 0.0378 | EX: 0.0000 | SE: 0.0000
2026-07-18 10:19:54 | [32mINFO    [0m | Trainer | Epoch  42/150 | Train Loss: 0.4259 | Val Loss: 0.4185 | Val Dice: 0.0113 | Val IoU: 0.0057 | LR: 2.93e-04 | Time: 1m 27s | 
2026-07-18 10:19:54 | [32mINFO    [0m | Trainer |   Per-class Dice: MA: 0.0061 | HE: 0.0391 | EX: 0.0000 | SE: 0.0000
2026-07-18 10:21:21 | [32mINFO    [0m | Trainer | Epoch  43/150 | Train Loss: 0.4260 | Val Loss: 0.4176 | Val Dice: 0.0176 | Val IoU: 0.0090 | LR: 2.90e-04 | Time: 1m 27s | 
2026-07-18 10:21:21 | [32mINFO    [0m | Trainer |   Per-class Dice: MA: 0.0098 | HE: 0.0606 | EX: 0.0000 | SE: 0.0000
2026-07-18 10:22:50 | [32mINFO    [0m | Trainer | Epoch  44/150 | Train Loss: 0.4255 | Val Loss: 0.4172 | Val Dice: 0.0141 | Val IoU: 0.0072 | LR: 2.87e-04 | Time: 1m 28s | 
2026-07-18 10:22:50 | [32mINFO    [0m | Trainer |   Per-class Dice: MA: 0.0073 | HE: 0.0491 | EX: 0.0000 | SE: 0.0000
2026-07-18 10:24:17 | [32mINFO    [0m | Trainer | Epoch  45/150 | Train Loss: 0.4236 | Val Loss: 0.4150 | Val Dice: 0.0314 | Val IoU: 0.0164 | LR: 2.84e-04 | Time: 1m 27s | 
2026-07-18 10:24:17 | [32mINFO    [0m | Trainer |   Per-class Dice: MA: 0.0206 | HE: 0.1048 | EX: 0.0000 | SE: 0.0000
2026-07-18 10:25:45 | [32mINFO    [0m | Trainer | Epoch  46/150 | Train Loss: 0.4212 | Val Loss: 0.4094 | Val Dice: 0.0891 | Val IoU: 0.0489 | LR: 2.80e-04 | Time: 1m 27s | 
2026-07-18 10:25:45 | [32mINFO    [0m | Trainer |   Per-class Dice: MA: 0.1803 | HE: 0.1759 | EX: 0.0000 | SE: 0.0000
2026-07-18 10:27:13 | [32mINFO    [0m | Trainer | Epoch  47/150 | Train Loss: 0.4097 | Val Loss: 0.3940 | Val Dice: 0.0743 | Val IoU: 0.0404 | LR: 2.76e-04 | Time: 1m 28s | 
2026-07-18 10:27:13 | [32mINFO    [0m | Trainer |   Per-class Dice: MA: 0.1891 | HE: 0.1080 | EX: 0.0000 | SE: 0.0000
2026-07-18 10:28:40 | [32mINFO    [0m | Trainer | Epoch  48/150 | Train Loss: 0.4018 | Val Loss: 0.3844 | Val Dice: 0.0903 | Val IoU: 0.0496 | LR: 2.71e-04 | Time: 1m 27s | 
2026-07-18 10:28:40 | [32mINFO    [0m | Trainer |   Per-class Dice: MA: 0.1692 | HE: 0.1919 | EX: 0.0000 | SE: 0.0000
2026-07-18 10:30:08 | [32mINFO    [0m | Trainer | Epoch  49/150 | Train Loss: 0.3988 | Val Loss: 0.3771 | Val Dice: 0.0988 | Val IoU: 0.0549 | LR: 2.67e-04 | Time: 1m 27s | 
2026-07-18 10:30:08 | [32mINFO    [0m | Trainer |   Per-class Dice: MA: 0.2263 | HE: 0.1688 | EX: 0.0000 | SE: 0.0000
2026-07-18 10:31:35 | [32mINFO    [0m | Trainer | Epoch  50/150 | Train Loss: 0.3912 | Val Loss: 0.3698 | Val Dice: 0.1079 | Val IoU: 0.0606 | LR: 2.62e-04 | Time: 1m 27s | 
2026-07-18 10:31:35 | [32mINFO    [0m | Trainer |   Per-class Dice: MA: 0.2416 | HE: 0.1902 | EX: 0.0000 | SE: 0.0000
2026-07-18 10:33:04 | [32mINFO    [0m | Trainer | Epoch  51/150 | Train Loss: 0.3867 | Val Loss: 0.3614 | Val Dice: 0.0893 | Val IoU: 0.0494 | LR: 2.56e-04 | Time: 1m 28s | 
2026-07-18 10:33:04 | [32mINFO    [0m | Trainer |   Per-class Dice: MA: 0.2263 | HE: 0.1309 | EX: 0.0000 | SE: 0.0000
2026-07-18 10:34:31 | [32mINFO    [0m | Trainer | Epoch  52/150 | Train Loss: 0.3842 | Val Loss: 0.3655 | Val Dice: 0.0512 | Val IoU: 0.0272 | LR: 2.51e-04 | Time: 1m 27s | 
2026-07-18 10:34:31 | [32mINFO    [0m | Trainer |   Per-class Dice: MA: 0.1385 | HE: 0.0663 | EX: 0.0000 | SE: 0.0000
2026-07-18 10:35:58 | [32mINFO    [0m | Trainer | Epoch  53/150 | Train Loss: 0.3931 | Val Loss: 0.3835 | Val Dice: 0.0000 | Val IoU: 0.0000 | LR: 2.45e-04 | Time: 1m 26s | 
2026-07-18 10:35:58 | [32mINFO    [0m | Trainer |   Per-class Dice: MA: 0.0000 | HE: 0.0000 | EX: 0.0000 | SE: 0.0000
2026-07-18 10:37:25 | [32mINFO    [0m | Trainer | Epoch  54/150 | Train Loss: 0.3894 | Val Loss: 0.3823 | Val Dice: 0.0027 | Val IoU: 0.0014 | LR: 2.38e-04 | Time: 1m 27s | 
2026-07-18 10:37:25 | [32mINFO    [0m | Trainer |   Per-class Dice: MA: 0.0000 | HE: 0.0109 | EX: 0.0000 | SE: 0.0000
2026-07-18 10:38:54 | [32mINFO    [0m | Trainer | Epoch  55/150 | Train Loss: 0.3878 | Val Loss: 0.3813 | Val Dice: 0.0278 | Val IoU: 0.0147 | LR: 2.32e-04 | Time: 1m 28s | 
2026-07-18 10:38:54 | [32mINFO    [0m | Trainer |   Per-class Dice: MA: 0.0000 | HE: 0.1112 | EX: 0.0000 | SE: 0.0000
2026-07-18 10:40:23 | [32mINFO    [0m | Trainer | Epoch  56/150 | Train Loss: 0.3877 | Val Loss: 0.3805 | Val Dice: 0.0428 | Val IoU: 0.0234 | LR: 2.25e-04 | Time: 1m 29s | 
2026-07-18 10:40:23 | [32mINFO    [0m | Trainer |   Per-class Dice: MA: 0.0000 | HE: 0.1714 | EX: 0.0000 | SE: 0.0000
2026-07-18 10:41:50 | [32mINFO    [0m | Trainer | Epoch  57/150 | Train Loss: 0.3881 | Val Loss: 0.3794 | Val Dice: 0.0408 | Val IoU: 0.0222 | LR: 2.18e-04 | Time: 1m 27s | 
2026-07-18 10:41:50 | [32mINFO    [0m | Trainer |   Per-class Dice: MA: 0.0000 | HE: 0.1632 | EX: 0.0000 | SE: 0.0000
2026-07-18 10:43:18 | [32mINFO    [0m | Trainer | Epoch  58/150 | Train Loss: 0.3868 | Val Loss: 0.3776 | Val Dice: 0.0626 | Val IoU: 0.0358 | LR: 2.11e-04 | Time: 1m 27s | 
2026-07-18 10:43:18 | [32mINFO    [0m | Trainer |   Per-class Dice: MA: 0.0000 | HE: 0.2506 | EX: 0.0000 | SE: 0.0000
2026-07-18 10:44:45 | [32mINFO    [0m | Trainer | Epoch  59/150 | Train Loss: 0.3850 | Val Loss: 0.3757 | Val Dice: 0.0673 | Val IoU: 0.0389 | LR: 2.04e-04 | Time: 1m 27s | 
2026-07-18 10:44:45 | [32mINFO    [0m | Trainer |   Per-class Dice: MA: 0.0000 | HE: 0.2692 | EX: 0.0000 | SE: 0.0000
2026-07-18 10:46:13 | [32mINFO    [0m | Trainer | Epoch  60/150 | Train Loss: 0.3834 | Val Loss: 0.3733 | Val Dice: 0.0771 | Val IoU: 0.0456 | LR: 1.97e-04 | Time: 1m 27s | 
2026-07-18 10:46:13 | [32mINFO    [0m | Trainer |   Per-class Dice: MA: 0.0000 | HE: 0.3086 | EX: 0.0000 | SE: 0.0000
2026-07-18 10:47:41 | [32mINFO    [0m | Trainer | Epoch  61/150 | Train Loss: 0.3825 | Val Loss: 0.3703 | Val Dice: 0.0955 | Val IoU: 0.0590 | LR: 1.89e-04 | Time: 1m 27s | 
2026-07-18 10:47:41 | [32mINFO    [0m | Trainer |   Per-class Dice: MA: 0.0000 | HE: 0.3820 | EX: 0.0000 | SE: 0.0000
2026-07-18 10:49:09 | [32mINFO    [0m | Trainer | Epoch  62/150 | Train Loss: 0.3812 | Val Loss: 0.3685 | Val Dice: 0.1029 | Val IoU: 0.0648 | LR: 1.82e-04 | Time: 1m 28s | 
2026-07-18 10:49:09 | [32mINFO    [0m | Trainer |   Per-class Dice: MA: 0.0000 | HE: 0.4117 | EX: 0.0000 | SE: 0.0000
2026-07-18 10:50:36 | [32mINFO    [0m | Trainer | Epoch  63/150 | Train Loss: 0.3786 | Val Loss: 0.3665 | Val Dice: 0.1041 | Val IoU: 0.0657 | LR: 1.74e-04 | Time: 1m 27s | 
2026-07-18 10:50:36 | [32mINFO    [0m | Trainer |   Per-class Dice: MA: 0.0000 | HE: 0.4164 | EX: 0.0000 | SE: 0.0000
2026-07-18 10:52:03 | [32mINFO    [0m | Trainer | Epoch  64/150 | Train Loss: 0.3766 | Val Loss: 0.3650 | Val Dice: 0.1123 | Val IoU: 0.0724 | LR: 1.66e-04 | Time: 1m 27s | 
2026-07-18 10:52:03 | [32mINFO    [0m | Trainer |   Per-class Dice: MA: 0.0000 | HE: 0.4490 | EX: 0.0000 | SE: 0.0000
2026-07-18 10:53:31 | [32mINFO    [0m | Trainer | Epoch  65/150 | Train Loss: 0.3759 | Val Loss: 0.3635 | Val Dice: 0.1208 | Val IoU: 0.0796 | LR: 1.58e-04 | Time: 1m 27s | 
2026-07-18 10:53:31 | [32mINFO    [0m | Trainer |   Per-class Dice: MA: 0.0000 | HE: 0.4831 | EX: 0.0000 | SE: 0.0000
2026-07-18 10:54:59 | [32mINFO    [0m | Trainer | Epoch  66/150 | Train Loss: 0.3756 | Val Loss: 0.3631 | Val Dice: 0.1184 | Val IoU: 0.0775 | LR: 1.50e-04 | Time: 1m 27s | 
2026-07-18 10:54:59 | [32mINFO    [0m | Trainer |   Per-class Dice: MA: 0.0000 | HE: 0.4735 | EX: 0.0000 | SE: 0.0000
2026-07-18 10:54:59 | [33mWARNING [0m | Trainer | Early stopping triggered at epoch 66. Best Dice: 0.2138 at epoch 36.
2026-07-18 10:54:59 | [32mINFO    [0m | Trainer | ============================================================
2026-07-18 10:54:59 | [32mINFO    [0m | Trainer |   Training completed in 1h 40m 6s
2026-07-18 10:54:59 | [32mINFO    [0m | Trainer |   Best Val Dice: 0.2138 (epoch 36)
2026-07-18 10:54:59 | [32mINFO    [0m | Trainer | ============================================================
2026-07-18 10:56:29 | [32mINFO    [0m | Trainer | ============================================================
2026-07-18 10:56:29 | [32mINFO    [0m | Trainer |   RetinaAI — Training Started
2026-07-18 10:56:29 | [32mINFO    [0m | Trainer | ============================================================
2026-07-18 10:56:29 | [32mINFO    [0m | Trainer |   Device:       cuda
2026-07-18 10:56:29 | [32mINFO    [0m | Trainer |   Epochs:       150
2026-07-18 10:56:29 | [32mINFO    [0m | Trainer |   Batch size:   4
2026-07-18 10:56:29 | [32mINFO    [0m | Trainer |   Loss:         dice_focal
2026-07-18 10:56:29 | [32mINFO    [0m | Trainer |   Optimizer:    adamw
2026-07-18 10:56:29 | [32mINFO    [0m | Trainer |   LR:           0.0003
2026-07-18 10:56:29 | [32mINFO    [0m | Trainer |   AMP:          True
2026-07-18 10:56:29 | [32mINFO    [0m | Trainer |   Experiment:   exp_06
2026-07-18 10:56:29 | [32mINFO    [0m | Trainer | ============================================================
2026-07-18 10:57:57 | [32mINFO    [0m | Trainer | Epoch   1/150 | Train Loss: 0.6139 | Val Loss: 0.6088 | Val Dice: 0.0052 | Val IoU: 0.0026 | LR: 3.00e-04 | Time: 1m 28s | * BEST
2026-07-18 10:57:57 | [32mINFO    [0m | Trainer |   Per-class Dice: MA: 0.0011 | HE: 0.0076 | EX: 0.0091 | SE: 0.0028
2026-07-18 10:59:25 | [32mINFO    [0m | Trainer | Epoch   2/150 | Train Loss: 0.6084 | Val Loss: 0.6074 | Val Dice: 0.0052 | Val IoU: 0.0026 | LR: 6.08e-05 | Time: 1m 27s | 
2026-07-18 10:59:25 | [32mINFO    [0m | Trainer |   Per-class Dice: MA: 0.0011 | HE: 0.0076 | EX: 0.0091 | SE: 0.0028
2026-07-18 11:00:52 | [32mINFO    [0m | Trainer | Epoch   3/150 | Train Loss: 0.6066 | Val Loss: 0.6049 | Val Dice: 0.0052 | Val IoU: 0.0026 | LR: 1.21e-04 | Time: 1m 27s | * BEST
2026-07-18 11:00:52 | [32mINFO    [0m | Trainer |   Per-class Dice: MA: 0.0011 | HE: 0.0076 | EX: 0.0091 | SE: 0.0028
2026-07-18 11:02:20 | [32mINFO    [0m | Trainer | Epoch   4/150 | Train Loss: 0.6040 | Val Loss: 0.6020 | Val Dice: 0.0052 | Val IoU: 0.0026 | LR: 1.80e-04 | Time: 1m 28s | * BEST
2026-07-18 11:02:20 | [32mINFO    [0m | Trainer |   Per-class Dice: MA: 0.0011 | HE: 0.0077 | EX: 0.0091 | SE: 0.0028
2026-07-18 11:04:27 | [32mINFO    [0m | Trainer | Epoch   5/150 | Train Loss: 0.6013 | Val Loss: 0.6007 | Val Dice: 0.0066 | Val IoU: 0.0033 | LR: 2.40e-04 | Time: 2m 6s | * BEST
2026-07-18 11:04:27 | [32mINFO    [0m | Trainer |   Per-class Dice: MA: 0.0011 | HE: 0.0077 | EX: 0.0091 | SE: 0.0084
2026-07-18 11:05:58 | [32mINFO    [0m | Trainer | Epoch   6/150 | Train Loss: 0.5992 | Val Loss: 0.5966 | Val Dice: 0.0275 | Val IoU: 0.0141 | LR: 3.00e-04 | Time: 1m 30s | * BEST
2026-07-18 11:05:58 | [32mINFO    [0m | Trainer |   Per-class Dice: MA: 0.0011 | HE: 0.0077 | EX: 0.0602 | SE: 0.0409
2026-07-18 11:07:26 | [32mINFO    [0m | Trainer | Epoch   7/150 | Train Loss: 0.5965 | Val Loss: 0.5922 | Val Dice: 0.0786 | Val IoU: 0.0429 | LR: 2.99e-04 | Time: 1m 27s | * BEST
2026-07-18 11:07:26 | [32mINFO    [0m | Trainer |   Per-class Dice: MA: 0.0011 | HE: 0.0077 | EX: 0.2048 | SE: 0.1007
2026-07-18 11:08:54 | [32mINFO    [0m | Trainer | Epoch   8/150 | Train Loss: 0.5929 | Val Loss: 0.5860 | Val Dice: 0.1098 | Val IoU: 0.0628 | LR: 2.97e-04 | Time: 1m 27s | * BEST
2026-07-18 11:08:54 | [32mINFO    [0m | Trainer |   Per-class Dice: MA: 0.0011 | HE: 0.0095 | EX: 0.3039 | SE: 0.1248
2026-07-18 11:10:21 | [32mINFO    [0m | Trainer | Epoch   9/150 | Train Loss: 0.5870 | Val Loss: 0.5771 | Val Dice: 0.1557 | Val IoU: 0.0946 | LR: 2.93e-04 | Time: 1m 27s | * BEST
2026-07-18 11:10:21 | [32mINFO    [0m | Trainer |   Per-class Dice: MA: 0.0011 | HE: 0.0115 | EX: 0.4247 | SE: 0.1857
2026-07-18 11:11:56 | [32mINFO    [0m | Trainer | Epoch  10/150 | Train Loss: 0.5786 | Val Loss: 0.5670 | Val Dice: 0.1567 | Val IoU: 0.0951 | LR: 2.87e-04 | Time: 1m 35s | * BEST
2026-07-18 11:11:56 | [32mINFO    [0m | Trainer |   Per-class Dice: MA: 0.0011 | HE: 0.0168 | EX: 0.4263 | SE: 0.1827
2026-07-18 11:13:25 | [32mINFO    [0m | Trainer | Epoch  11/150 | Train Loss: 0.5679 | Val Loss: 0.5551 | Val Dice: 0.1787 | Val IoU: 0.1118 | LR: 2.80e-04 | Time: 1m 28s | * BEST
2026-07-18 11:13:25 | [32mINFO    [0m | Trainer |   Per-class Dice: MA: 0.0011 | HE: 0.0115 | EX: 0.4809 | SE: 0.2213
2026-07-18 11:14:53 | [32mINFO    [0m | Trainer | Epoch  12/150 | Train Loss: 0.5578 | Val Loss: 0.5479 | Val Dice: 0.1857 | Val IoU: 0.1159 | LR: 2.71e-04 | Time: 1m 28s | * BEST
2026-07-18 11:14:53 | [32mINFO    [0m | Trainer |   Per-class Dice: MA: 0.0011 | HE: 0.0135 | EX: 0.4740 | SE: 0.2543
2026-07-18 11:16:44 | [32mINFO    [0m | Trainer | Epoch  13/150 | Train Loss: 0.5497 | Val Loss: 0.5492 | Val Dice: 0.1661 | Val IoU: 0.1012 | LR: 2.62e-04 | Time: 1m 50s | 
2026-07-18 11:16:44 | [32mINFO    [0m | Trainer |   Per-class Dice: MA: 0.0012 | HE: 0.0160 | EX: 0.4316 | SE: 0.2156
2026-07-18 11:18:13 | [32mINFO    [0m | Trainer | Epoch  14/150 | Train Loss: 0.5460 | Val Loss: 0.5418 | Val Dice: 0.1911 | Val IoU: 0.1190 | LR: 2.51e-04 | Time: 1m 29s | * BEST
2026-07-18 11:18:13 | [32mINFO    [0m | Trainer |   Per-class Dice: MA: 0.0015 | HE: 0.0116 | EX: 0.4609 | SE: 0.2903
2026-07-18 11:19:41 | [32mINFO    [0m | Trainer | Epoch  15/150 | Train Loss: 0.5419 | Val Loss: 0.5408 | Val Dice: 0.1856 | Val IoU: 0.1166 | LR: 2.38e-04 | Time: 1m 28s | 
2026-07-18 11:19:41 | [32mINFO    [0m | Trainer |   Per-class Dice: MA: 0.0015 | HE: 0.0119 | EX: 0.4877 | SE: 0.2411
2026-07-18 11:21:17 | [32mINFO    [0m | Trainer | Epoch  16/150 | Train Loss: 0.5417 | Val Loss: 0.5377 | Val Dice: 0.1941 | Val IoU: 0.1215 | LR: 2.25e-04 | Time: 1m 35s | * BEST
2026-07-18 11:21:17 | [32mINFO    [0m | Trainer |   Per-class Dice: MA: 0.0016 | HE: 0.0143 | EX: 0.4748 | SE: 0.2859
2026-07-18 11:23:02 | [32mINFO    [0m | Trainer | Epoch  17/150 | Train Loss: 0.5381 | Val Loss: 0.5360 | Val Dice: 0.1920 | Val IoU: 0.1208 | LR: 2.11e-04 | Time: 1m 45s | 
2026-07-18 11:23:02 | [32mINFO    [0m | Trainer |   Per-class Dice: MA: 0.0018 | HE: 0.0158 | EX: 0.4903 | SE: 0.2602
2026-07-18 11:24:39 | [32mINFO    [0m | Trainer | Epoch  18/150 | Train Loss: 0.5368 | Val Loss: 0.5305 | Val Dice: 0.2002 | Val IoU: 0.1260 | LR: 1.97e-04 | Time: 1m 36s | * BEST
2026-07-18 11:24:39 | [32mINFO    [0m | Trainer |   Per-class Dice: MA: 0.0017 | HE: 0.0135 | EX: 0.4819 | SE: 0.3036
2026-07-18 11:26:21 | [32mINFO    [0m | Trainer | Epoch  19/150 | Train Loss: 0.5336 | Val Loss: 0.5280 | Val Dice: 0.2033 | Val IoU: 0.1280 | LR: 1.82e-04 | Time: 1m 41s | * BEST
2026-07-18 11:26:21 | [32mINFO    [0m | Trainer |   Per-class Dice: MA: 0.0024 | HE: 0.0207 | EX: 0.4850 | SE: 0.3053
2026-07-18 11:27:54 | [32mINFO    [0m | Trainer | Epoch  20/150 | Train Loss: 0.5291 | Val Loss: 0.5184 | Val Dice: 0.2018 | Val IoU: 0.1269 | LR: 1.66e-04 | Time: 1m 32s | 
2026-07-18 11:27:54 | [32mINFO    [0m | Trainer |   Per-class Dice: MA: 0.0051 | HE: 0.0175 | EX: 0.4839 | SE: 0.3006
2026-07-18 11:29:33 | [32mINFO    [0m | Trainer | Epoch  21/150 | Train Loss: 0.5216 | Val Loss: 0.5042 | Val Dice: 0.2051 | Val IoU: 0.1292 | LR: 1.50e-04 | Time: 1m 39s | * BEST
2026-07-18 11:29:33 | [32mINFO    [0m | Trainer |   Per-class Dice: MA: 0.0075 | HE: 0.0145 | EX: 0.4842 | SE: 0.3140
2026-07-18 11:31:12 | [32mINFO    [0m | Trainer | Epoch  22/150 | Train Loss: 0.5080 | Val Loss: 0.4883 | Val Dice: 0.2164 | Val IoU: 0.1370 | LR: 1.35e-04 | Time: 1m 39s | * BEST
2026-07-18 11:31:12 | [32mINFO    [0m | Trainer |   Per-class Dice: MA: 0.0087 | HE: 0.0191 | EX: 0.4838 | SE: 0.3538
2026-07-18 11:32:41 | [32mINFO    [0m | Trainer | Epoch  23/150 | Train Loss: 0.4874 | Val Loss: 0.4422 | Val Dice: 0.2378 | Val IoU: 0.1544 | LR: 1.19e-04 | Time: 1m 28s | * BEST
2026-07-18 11:32:41 | [32mINFO    [0m | Trainer |   Per-class Dice: MA: 0.0063 | HE: 0.0123 | EX: 0.4677 | SE: 0.4650
2026-07-18 11:34:08 | [32mINFO    [0m | Trainer | Epoch  24/150 | Train Loss: 0.4562 | Val Loss: 0.4167 | Val Dice: 0.2373 | Val IoU: 0.1536 | LR: 1.04e-04 | Time: 1m 27s | 
2026-07-18 11:34:08 | [32mINFO    [0m | Trainer |   Per-class Dice: MA: 0.0111 | HE: 0.0122 | EX: 0.4843 | SE: 0.4415
2026-07-18 11:35:36 | [32mINFO    [0m | Trainer | Epoch  25/150 | Train Loss: 0.4385 | Val Loss: 0.4157 | Val Dice: 0.2472 | Val IoU: 0.1621 | LR: 8.97e-05 | Time: 1m 28s | * BEST
2026-07-18 11:35:36 | [32mINFO    [0m | Trainer |   Per-class Dice: MA: 0.0117 | HE: 0.0119 | EX: 0.4582 | SE: 0.5069
2026-07-18 11:37:04 | [32mINFO    [0m | Trainer | Epoch  26/150 | Train Loss: 0.4240 | Val Loss: 0.4088 | Val Dice: 0.2501 | Val IoU: 0.1647 | LR: 7.58e-05 | Time: 1m 27s | * BEST
2026-07-18 11:37:04 | [32mINFO    [0m | Trainer |   Per-class Dice: MA: 0.0114 | HE: 0.0107 | EX: 0.4765 | SE: 0.5020
2026-07-18 11:38:31 | [32mINFO    [0m | Trainer | Epoch  27/150 | Train Loss: 0.4192 | Val Loss: 0.4037 | Val Dice: 0.2549 | Val IoU: 0.1689 | LR: 6.26e-05 | Time: 1m 27s | * BEST
2026-07-18 11:38:31 | [32mINFO    [0m | Trainer |   Per-class Dice: MA: 0.0123 | HE: 0.0105 | EX: 0.4842 | SE: 0.5128
2026-07-18 11:39:59 | [32mINFO    [0m | Trainer | Epoch  28/150 | Train Loss: 0.4177 | Val Loss: 0.4034 | Val Dice: 0.2643 | Val IoU: 0.1776 | LR: 5.05e-05 | Time: 1m 27s | * BEST
2026-07-18 11:39:59 | [32mINFO    [0m | Trainer |   Per-class Dice: MA: 0.0109 | HE: 0.0105 | EX: 0.4913 | SE: 0.5446
2026-07-18 11:41:26 | [32mINFO    [0m | Trainer | Epoch  29/150 | Train Loss: 0.4097 | Val Loss: 0.3977 | Val Dice: 0.2536 | Val IoU: 0.1681 | LR: 3.94e-05 | Time: 1m 26s | 
2026-07-18 11:41:26 | [32mINFO    [0m | Trainer |   Per-class Dice: MA: 0.0071 | HE: 0.0107 | EX: 0.4866 | SE: 0.5097
2026-07-18 11:42:54 | [32mINFO    [0m | Trainer | Epoch  30/150 | Train Loss: 0.4172 | Val Loss: 0.4013 | Val Dice: 0.2643 | Val IoU: 0.1776 | LR: 2.96e-05 | Time: 1m 27s | 
2026-07-18 11:42:54 | [32mINFO    [0m | Trainer |   Per-class Dice: MA: 0.0112 | HE: 0.0107 | EX: 0.4918 | SE: 0.5434
2026-07-18 11:44:21 | [32mINFO    [0m | Trainer | Epoch  31/150 | Train Loss: 0.4133 | Val Loss: 0.3982 | Val Dice: 0.2628 | Val IoU: 0.1762 | LR: 2.10e-05 | Time: 1m 27s | 
2026-07-18 11:44:21 | [32mINFO    [0m | Trainer |   Per-class Dice: MA: 0.0095 | HE: 0.0115 | EX: 0.4939 | SE: 0.5363
2026-07-18 11:45:48 | [32mINFO    [0m | Trainer | Epoch  32/150 | Train Loss: 0.4072 | Val Loss: 0.3952 | Val Dice: 0.2619 | Val IoU: 0.1755 | LR: 1.39e-05 | Time: 1m 27s | 
2026-07-18 11:45:48 | [32mINFO    [0m | Trainer |   Per-class Dice: MA: 0.0089 | HE: 0.0110 | EX: 0.4936 | SE: 0.5339
2026-07-18 11:47:17 | [32mINFO    [0m | Trainer | Epoch  33/150 | Train Loss: 0.4118 | Val Loss: 0.3978 | Val Dice: 0.2622 | Val IoU: 0.1757 | LR: 8.32e-06 | Time: 1m 28s | 
2026-07-18 11:47:17 | [32mINFO    [0m | Trainer |   Per-class Dice: MA: 0.0103 | HE: 0.0111 | EX: 0.4903 | SE: 0.5373
2026-07-18 11:48:44 | [32mINFO    [0m | Trainer | Epoch  34/150 | Train Loss: 0.4089 | Val Loss: 0.3985 | Val Dice: 0.2593 | Val IoU: 0.1731 | LR: 4.27e-06 | Time: 1m 27s | 
2026-07-18 11:48:44 | [32mINFO    [0m | Trainer |   Per-class Dice: MA: 0.0096 | HE: 0.0110 | EX: 0.4892 | SE: 0.5274
2026-07-18 11:50:12 | [32mINFO    [0m | Trainer | Epoch  35/150 | Train Loss: 0.4054 | Val Loss: 0.3963 | Val Dice: 0.2627 | Val IoU: 0.1759 | LR: 1.82e-06 | Time: 1m 27s | 
2026-07-18 11:50:12 | [32mINFO    [0m | Trainer |   Per-class Dice: MA: 0.0110 | HE: 0.0123 | EX: 0.4943 | SE: 0.5333
2026-07-18 11:51:39 | [32mINFO    [0m | Trainer | Epoch  36/150 | Train Loss: 0.4224 | Val Loss: 0.3949 | Val Dice: 0.1643 | Val IoU: 0.1042 | LR: 3.00e-04 | Time: 1m 27s | 
2026-07-18 11:51:39 | [32mINFO    [0m | Trainer |   Per-class Dice: MA: 0.0081 | HE: 0.0103 | EX: 0.4996 | SE: 0.1391
2026-07-18 11:53:07 | [32mINFO    [0m | Trainer | Epoch  37/150 | Train Loss: 0.4117 | Val Loss: 0.3903 | Val Dice: 0.2491 | Val IoU: 0.1641 | LR: 3.00e-04 | Time: 1m 27s | 
2026-07-18 11:53:07 | [32mINFO    [0m | Trainer |   Per-class Dice: MA: 0.0092 | HE: 0.0109 | EX: 0.4708 | SE: 0.5057
2026-07-18 11:54:34 | [32mINFO    [0m | Trainer | Epoch  38/150 | Train Loss: 0.4146 | Val Loss: 0.3947 | Val Dice: 0.2634 | Val IoU: 0.1775 | LR: 2.99e-04 | Time: 1m 27s | 
2026-07-18 11:54:34 | [32mINFO    [0m | Trainer |   Per-class Dice: MA: 0.0041 | HE: 0.0118 | EX: 0.4865 | SE: 0.5511
2026-07-18 11:56:03 | [32mINFO    [0m | Trainer | Epoch  39/150 | Train Loss: 0.4116 | Val Loss: 0.3987 | Val Dice: 0.2518 | Val IoU: 0.1668 | LR: 2.98e-04 | Time: 1m 29s | 
2026-07-18 11:56:03 | [32mINFO    [0m | Trainer |   Per-class Dice: MA: 0.0025 | HE: 0.0126 | EX: 0.5080 | SE: 0.4839
2026-07-18 11:57:32 | [32mINFO    [0m | Trainer | Epoch  40/150 | Train Loss: 0.4019 | Val Loss: 0.3981 | Val Dice: 0.2667 | Val IoU: 0.1808 | LR: 2.97e-04 | Time: 1m 29s | * BEST
2026-07-18 11:57:32 | [32mINFO    [0m | Trainer |   Per-class Dice: MA: 0.0031 | HE: 0.0124 | EX: 0.4855 | SE: 0.5660
2026-07-18 11:59:07 | [32mINFO    [0m | Trainer | Epoch  41/150 | Train Loss: 0.4087 | Val Loss: 0.3915 | Val Dice: 0.2764 | Val IoU: 0.1900 | LR: 2.95e-04 | Time: 1m 34s | * BEST
2026-07-18 11:59:07 | [32mINFO    [0m | Trainer |   Per-class Dice: MA: 0.0029 | HE: 0.0129 | EX: 0.4983 | SE: 0.5917
2026-07-18 12:00:57 | [32mINFO    [0m | Trainer | Epoch  42/150 | Train Loss: 0.3992 | Val Loss: 0.3851 | Val Dice: 0.2662 | Val IoU: 0.1795 | LR: 2.93e-04 | Time: 1m 50s | 
2026-07-18 12:00:57 | [32mINFO    [0m | Trainer |   Per-class Dice: MA: 0.0036 | HE: 0.0154 | EX: 0.5027 | SE: 0.5430
2026-07-18 12:02:43 | [32mINFO    [0m | Trainer | Epoch  43/150 | Train Loss: 0.4051 | Val Loss: 0.3738 | Val Dice: 0.2723 | Val IoU: 0.1853 | LR: 2.90e-04 | Time: 1m 45s | 
2026-07-18 12:02:43 | [32mINFO    [0m | Trainer |   Per-class Dice: MA: 0.0031 | HE: 0.0140 | EX: 0.5165 | SE: 0.5555
2026-07-18 12:04:25 | [32mINFO    [0m | Trainer | Epoch  44/150 | Train Loss: 0.4020 | Val Loss: 0.3781 | Val Dice: 0.2715 | Val IoU: 0.1841 | LR: 2.87e-04 | Time: 1m 42s | 
2026-07-18 12:04:25 | [32mINFO    [0m | Trainer |   Per-class Dice: MA: 0.0036 | HE: 0.0214 | EX: 0.4958 | SE: 0.5653
2026-07-18 12:06:06 | [32mINFO    [0m | Trainer | Epoch  45/150 | Train Loss: 0.3952 | Val Loss: 0.3800 | Val Dice: 0.2751 | Val IoU: 0.1871 | LR: 2.84e-04 | Time: 1m 40s | 
2026-07-18 12:06:06 | [32mINFO    [0m | Trainer |   Per-class Dice: MA: 0.0056 | HE: 0.0242 | EX: 0.4921 | SE: 0.5784
2026-07-18 12:07:52 | [32mINFO    [0m | Trainer | Epoch  46/150 | Train Loss: 0.3990 | Val Loss: 0.3786 | Val Dice: 0.2727 | Val IoU: 0.1845 | LR: 2.80e-04 | Time: 1m 45s | 
2026-07-18 12:07:52 | [32mINFO    [0m | Trainer |   Per-class Dice: MA: 0.0054 | HE: 0.0250 | EX: 0.5020 | SE: 0.5585
2026-07-18 12:09:31 | [32mINFO    [0m | Trainer | Epoch  47/150 | Train Loss: 0.3875 | Val Loss: 0.3798 | Val Dice: 0.2766 | Val IoU: 0.1876 | LR: 2.76e-04 | Time: 1m 39s | * BEST
2026-07-18 12:09:31 | [32mINFO    [0m | Trainer |   Per-class Dice: MA: 0.0063 | HE: 0.0268 | EX: 0.5197 | SE: 0.5534
2026-07-18 12:11:04 | [32mINFO    [0m | Trainer | Epoch  48/150 | Train Loss: 0.4007 | Val Loss: 0.3928 | Val Dice: 0.2783 | Val IoU: 0.1906 | LR: 2.71e-04 | Time: 1m 32s | * BEST
2026-07-18 12:11:04 | [32mINFO    [0m | Trainer |   Per-class Dice: MA: 0.0069 | HE: 0.0237 | EX: 0.4817 | SE: 0.6010
2026-07-18 12:12:33 | [32mINFO    [0m | Trainer | Epoch  49/150 | Train Loss: 0.4018 | Val Loss: 0.3868 | Val Dice: 0.2889 | Val IoU: 0.1990 | LR: 2.67e-04 | Time: 1m 29s | * BEST
2026-07-18 12:12:33 | [32mINFO    [0m | Trainer |   Per-class Dice: MA: 0.0068 | HE: 0.0345 | EX: 0.5121 | SE: 0.6020
2026-07-18 12:14:14 | [32mINFO    [0m | Trainer | Epoch  50/150 | Train Loss: 0.4036 | Val Loss: 0.3794 | Val Dice: 0.2825 | Val IoU: 0.1923 | LR: 2.62e-04 | Time: 1m 41s | 
2026-07-18 12:14:14 | [32mINFO    [0m | Trainer |   Per-class Dice: MA: 0.0081 | HE: 0.0374 | EX: 0.5011 | SE: 0.5835
2026-07-18 12:15:44 | [32mINFO    [0m | Trainer | Epoch  51/150 | Train Loss: 0.4034 | Val Loss: 0.3939 | Val Dice: 0.2914 | Val IoU: 0.2016 | LR: 2.56e-04 | Time: 1m 30s | * BEST
2026-07-18 12:15:44 | [32mINFO    [0m | Trainer |   Per-class Dice: MA: 0.0066 | HE: 0.0336 | EX: 0.5126 | SE: 0.6125
2026-07-18 12:17:14 | [32mINFO    [0m | Trainer | Epoch  52/150 | Train Loss: 0.3970 | Val Loss: 0.3791 | Val Dice: 0.2372 | Val IoU: 0.1535 | LR: 2.51e-04 | Time: 1m 29s | 
2026-07-18 12:17:14 | [32mINFO    [0m | Trainer |   Per-class Dice: MA: 0.0065 | HE: 0.0319 | EX: 0.5251 | SE: 0.3852
2026-07-18 12:18:41 | [32mINFO    [0m | Trainer | Epoch  53/150 | Train Loss: 0.3982 | Val Loss: 0.3806 | Val Dice: 0.2890 | Val IoU: 0.1971 | LR: 2.45e-04 | Time: 1m 27s | 
2026-07-18 12:18:41 | [32mINFO    [0m | Trainer |   Per-class Dice: MA: 0.0090 | HE: 0.0517 | EX: 0.4992 | SE: 0.5962
2026-07-18 12:20:09 | [32mINFO    [0m | Trainer | Epoch  54/150 | Train Loss: 0.3909 | Val Loss: 0.3735 | Val Dice: 0.2908 | Val IoU: 0.1990 | LR: 2.38e-04 | Time: 1m 28s | 
2026-07-18 12:20:09 | [32mINFO    [0m | Trainer |   Per-class Dice: MA: 0.0095 | HE: 0.0498 | EX: 0.5004 | SE: 0.6035
2026-07-18 12:21:37 | [32mINFO    [0m | Trainer | Epoch  55/150 | Train Loss: 0.3926 | Val Loss: 0.4091 | Val Dice: 0.2994 | Val IoU: 0.2063 | LR: 2.32e-04 | Time: 1m 27s | * BEST
2026-07-18 12:21:37 | [32mINFO    [0m | Trainer |   Per-class Dice: MA: 0.0108 | HE: 0.0583 | EX: 0.5132 | SE: 0.6154
2026-07-18 12:23:06 | [32mINFO    [0m | Trainer | Epoch  56/150 | Train Loss: 0.3948 | Val Loss: 0.3719 | Val Dice: 0.2922 | Val IoU: 0.1989 | LR: 2.25e-04 | Time: 1m 28s | 
2026-07-18 12:23:06 | [32mINFO    [0m | Trainer |   Per-class Dice: MA: 0.0137 | HE: 0.0545 | EX: 0.5185 | SE: 0.5823
2026-07-18 12:24:33 | [32mINFO    [0m | Trainer | Epoch  57/150 | Train Loss: 0.3991 | Val Loss: 0.4170 | Val Dice: 0.2976 | Val IoU: 0.2044 | LR: 2.18e-04 | Time: 1m 27s | 
2026-07-18 12:24:33 | [32mINFO    [0m | Trainer |   Per-class Dice: MA: 0.0155 | HE: 0.0538 | EX: 0.5102 | SE: 0.6109
2026-07-18 12:26:00 | [32mINFO    [0m | Trainer | Epoch  58/150 | Train Loss: 0.3939 | Val Loss: 0.3692 | Val Dice: 0.3063 | Val IoU: 0.2077 | LR: 2.11e-04 | Time: 1m 27s | * BEST
2026-07-18 12:26:00 | [32mINFO    [0m | Trainer |   Per-class Dice: MA: 0.0237 | HE: 0.0876 | EX: 0.5254 | SE: 0.5883
2026-07-18 12:27:27 | [32mINFO    [0m | Trainer | Epoch  59/150 | Train Loss: 0.3919 | Val Loss: 0.3626 | Val Dice: 0.3134 | Val IoU: 0.2066 | LR: 2.04e-04 | Time: 1m 26s | * BEST
2026-07-18 12:27:27 | [32mINFO    [0m | Trainer |   Per-class Dice: MA: 0.0634 | HE: 0.1234 | EX: 0.5129 | SE: 0.5538
2026-07-18 12:28:54 | [32mINFO    [0m | Trainer | Epoch  60/150 | Train Loss: 0.3909 | Val Loss: 0.3530 | Val Dice: 0.3603 | Val IoU: 0.2354 | LR: 1.97e-04 | Time: 1m 27s | * BEST
2026-07-18 12:28:54 | [32mINFO    [0m | Trainer |   Per-class Dice: MA: 0.2060 | HE: 0.1508 | EX: 0.5129 | SE: 0.5716
2026-07-18 12:30:22 | [32mINFO    [0m | Trainer | Epoch  61/150 | Train Loss: 0.3644 | Val Loss: 0.3482 | Val Dice: 0.3709 | Val IoU: 0.2506 | LR: 1.89e-04 | Time: 1m 27s | * BEST
2026-07-18 12:30:22 | [32mINFO    [0m | Trainer |   Per-class Dice: MA: 0.1593 | HE: 0.1439 | EX: 0.5601 | SE: 0.6202
2026-07-18 12:31:50 | [32mINFO    [0m | Trainer | Epoch  62/150 | Train Loss: 0.3610 | Val Loss: 0.3476 | Val Dice: 0.3425 | Val IoU: 0.2270 | LR: 1.82e-04 | Time: 1m 28s | 
2026-07-18 12:31:50 | [32mINFO    [0m | Trainer |   Per-class Dice: MA: 0.1299 | HE: 0.1283 | EX: 0.5468 | SE: 0.5649
2026-07-18 12:33:18 | [32mINFO    [0m | Trainer | Epoch  63/150 | Train Loss: 0.3733 | Val Loss: 0.3385 | Val Dice: 0.2854 | Val IoU: 0.1943 | LR: 1.74e-04 | Time: 1m 27s | 
2026-07-18 12:33:18 | [32mINFO    [0m | Trainer |   Per-class Dice: MA: 0.0000 | HE: 0.0484 | EX: 0.5419 | SE: 0.5514
2026-07-18 12:34:45 | [32mINFO    [0m | Trainer | Epoch  64/150 | Train Loss: 0.3571 | Val Loss: 0.3434 | Val Dice: 0.3300 | Val IoU: 0.2272 | LR: 1.66e-04 | Time: 1m 27s | 
2026-07-18 12:34:45 | [32mINFO    [0m | Trainer |   Per-class Dice: MA: 0.0000 | HE: 0.1513 | EX: 0.5534 | SE: 0.6152
2026-07-18 12:36:14 | [32mINFO    [0m | Trainer | Epoch  65/150 | Train Loss: 0.3486 | Val Loss: 0.3455 | Val Dice: 0.3053 | Val IoU: 0.2114 | LR: 1.58e-04 | Time: 1m 29s | 
2026-07-18 12:36:14 | [32mINFO    [0m | Trainer |   Per-class Dice: MA: 0.0000 | HE: 0.0696 | EX: 0.5527 | SE: 0.5991
2026-07-18 12:37:44 | [32mINFO    [0m | Trainer | Epoch  66/150 | Train Loss: 0.3434 | Val Loss: 0.3355 | Val Dice: 0.3012 | Val IoU: 0.2082 | LR: 1.50e-04 | Time: 1m 29s | 
2026-07-18 12:37:44 | [32mINFO    [0m | Trainer |   Per-class Dice: MA: 0.0000 | HE: 0.0627 | EX: 0.5459 | SE: 0.5963
2026-07-18 12:39:14 | [32mINFO    [0m | Trainer | Epoch  67/150 | Train Loss: 0.3427 | Val Loss: 0.3379 | Val Dice: 0.3005 | Val IoU: 0.2088 | LR: 1.43e-04 | Time: 1m 29s | 
2026-07-18 12:39:14 | [32mINFO    [0m | Trainer |   Per-class Dice: MA: 0.0000 | HE: 0.0492 | EX: 0.5655 | SE: 0.5872
2026-07-18 12:40:44 | [32mINFO    [0m | Trainer | Epoch  68/150 | Train Loss: 0.3364 | Val Loss: 0.3342 | Val Dice: 0.3019 | Val IoU: 0.2104 | LR: 1.35e-04 | Time: 1m 30s | 
2026-07-18 12:40:44 | [32mINFO    [0m | Trainer |   Per-class Dice: MA: 0.0000 | HE: 0.0533 | EX: 0.5338 | SE: 0.6208
2026-07-18 12:42:20 | [32mINFO    [0m | Trainer | Epoch  69/150 | Train Loss: 0.3356 | Val Loss: 0.3215 | Val Dice: 0.3058 | Val IoU: 0.2156 | LR: 1.27e-04 | Time: 1m 36s | 
2026-07-18 12:42:20 | [32mINFO    [0m | Trainer |   Per-class Dice: MA: 0.0000 | HE: 0.0391 | EX: 0.5598 | SE: 0.6241
2026-07-18 12:43:52 | [32mINFO    [0m | Trainer | Epoch  70/150 | Train Loss: 0.3433 | Val Loss: 0.3261 | Val Dice: 0.3112 | Val IoU: 0.2202 | LR: 1.19e-04 | Time: 1m 31s | 
2026-07-18 12:43:52 | [32mINFO    [0m | Trainer |   Per-class Dice: MA: 0.0000 | HE: 0.0475 | EX: 0.5608 | SE: 0.6366
2026-07-18 12:45:33 | [32mINFO    [0m | Trainer | Epoch  71/150 | Train Loss: 0.3365 | Val Loss: 0.3267 | Val Dice: 0.3060 | Val IoU: 0.2133 | LR: 1.12e-04 | Time: 1m 40s | 
2026-07-18 12:45:33 | [32mINFO    [0m | Trainer |   Per-class Dice: MA: 0.0000 | HE: 0.0597 | EX: 0.5522 | SE: 0.6119
2026-07-18 12:47:13 | [32mINFO    [0m | Trainer | Epoch  72/150 | Train Loss: 0.3351 | Val Loss: 0.3245 | Val Dice: 0.3076 | Val IoU: 0.2121 | LR: 1.04e-04 | Time: 1m 40s | 
2026-07-18 12:47:13 | [32mINFO    [0m | Trainer |   Per-class Dice: MA: 0.0000 | HE: 0.0830 | EX: 0.5502 | SE: 0.5973
2026-07-18 12:48:46 | [32mINFO    [0m | Trainer | Epoch  73/150 | Train Loss: 0.3416 | Val Loss: 0.3295 | Val Dice: 0.3120 | Val IoU: 0.2209 | LR: 9.69e-05 | Time: 1m 32s | 
2026-07-18 12:48:46 | [32mINFO    [0m | Trainer |   Per-class Dice: MA: 0.0000 | HE: 0.0488 | EX: 0.5586 | SE: 0.6405
2026-07-18 12:50:13 | [32mINFO    [0m | Trainer | Epoch  74/150 | Train Loss: 0.3380 | Val Loss: 0.3276 | Val Dice: 0.3094 | Val IoU: 0.2163 | LR: 8.97e-05 | Time: 1m 27s | 
2026-07-18 12:50:13 | [32mINFO    [0m | Trainer |   Per-class Dice: MA: 0.0000 | HE: 0.0634 | EX: 0.5588 | SE: 0.6155
2026-07-18 12:51:41 | [32mINFO    [0m | Trainer | Epoch  75/150 | Train Loss: 0.3325 | Val Loss: 0.3237 | Val Dice: 0.3020 | Val IoU: 0.2072 | LR: 8.26e-05 | Time: 1m 27s | 
2026-07-18 12:51:41 | [32mINFO    [0m | Trainer |   Per-class Dice: MA: 0.0000 | HE: 0.0758 | EX: 0.5578 | SE: 0.5743
2026-07-18 12:53:08 | [32mINFO    [0m | Trainer | Epoch  76/150 | Train Loss: 0.3380 | Val Loss: 0.3214 | Val Dice: 0.3073 | Val IoU: 0.2115 | LR: 7.58e-05 | Time: 1m 27s | 
2026-07-18 12:53:08 | [32mINFO    [0m | Trainer |   Per-class Dice: MA: 0.0000 | HE: 0.0850 | EX: 0.5596 | SE: 0.5847
2026-07-18 12:54:35 | [32mINFO    [0m | Trainer | Epoch  77/150 | Train Loss: 0.3398 | Val Loss: 0.3280 | Val Dice: 0.3129 | Val IoU: 0.2171 | LR: 6.91e-05 | Time: 1m 26s | 
2026-07-18 12:54:35 | [32mINFO    [0m | Trainer |   Per-class Dice: MA: 0.0000 | HE: 0.0876 | EX: 0.5498 | SE: 0.6143
2026-07-18 12:56:02 | [32mINFO    [0m | Trainer | Epoch  78/150 | Train Loss: 0.3332 | Val Loss: 0.3303 | Val Dice: 0.3146 | Val IoU: 0.2194 | LR: 6.26e-05 | Time: 1m 27s | 
2026-07-18 12:56:02 | [32mINFO    [0m | Trainer |   Per-class Dice: MA: 0.0000 | HE: 0.0809 | EX: 0.5614 | SE: 0.6163
2026-07-18 12:57:29 | [32mINFO    [0m | Trainer | Epoch  79/150 | Train Loss: 0.3433 | Val Loss: 0.3352 | Val Dice: 0.3211 | Val IoU: 0.2241 | LR: 5.64e-05 | Time: 1m 26s | 
2026-07-18 12:57:29 | [32mINFO    [0m | Trainer |   Per-class Dice: MA: 0.0000 | HE: 0.0979 | EX: 0.5614 | SE: 0.6249
2026-07-18 12:58:56 | [32mINFO    [0m | Trainer | Epoch  80/150 | Train Loss: 0.3312 | Val Loss: 0.3227 | Val Dice: 0.3200 | Val IoU: 0.2229 | LR: 5.05e-05 | Time: 1m 27s | 
2026-07-18 12:58:56 | [32mINFO    [0m | Trainer |   Per-class Dice: MA: 0.0000 | HE: 0.0980 | EX: 0.5596 | SE: 0.6222
2026-07-18 13:00:23 | [32mINFO    [0m | Trainer | Epoch  81/150 | Train Loss: 0.3372 | Val Loss: 0.3285 | Val Dice: 0.3166 | Val IoU: 0.2189 | LR: 4.48e-05 | Time: 1m 26s | 
2026-07-18 13:00:23 | [32mINFO    [0m | Trainer |   Per-class Dice: MA: 0.0000 | HE: 0.1019 | EX: 0.5612 | SE: 0.6033
2026-07-18 13:01:50 | [32mINFO    [0m | Trainer | Epoch  82/150 | Train Loss: 0.3359 | Val Loss: 0.3247 | Val Dice: 0.3208 | Val IoU: 0.2225 | LR: 3.94e-05 | Time: 1m 27s | 
2026-07-18 13:01:50 | [32mINFO    [0m | Trainer |   Per-class Dice: MA: 0.0000 | HE: 0.1079 | EX: 0.5636 | SE: 0.6118
2026-07-18 13:03:17 | [32mINFO    [0m | Trainer | Epoch  83/150 | Train Loss: 0.3327 | Val Loss: 0.3253 | Val Dice: 0.3257 | Val IoU: 0.2272 | LR: 3.43e-05 | Time: 1m 26s | 
2026-07-18 13:03:17 | [32mINFO    [0m | Trainer |   Per-class Dice: MA: 0.0000 | HE: 0.1125 | EX: 0.5599 | SE: 0.6303
2026-07-18 13:04:50 | [32mINFO    [0m | Trainer | Epoch  84/150 | Train Loss: 0.3312 | Val Loss: 0.3272 | Val Dice: 0.3295 | Val IoU: 0.2297 | LR: 2.96e-05 | Time: 1m 32s | 
2026-07-18 13:04:50 | [32mINFO    [0m | Trainer |   Per-class Dice: MA: 0.0000 | HE: 0.1239 | EX: 0.5639 | SE: 0.6303
2026-07-18 13:06:18 | [32mINFO    [0m | Trainer | Epoch  85/150 | Train Loss: 0.3333 | Val Loss: 0.3226 | Val Dice: 0.3255 | Val IoU: 0.2255 | LR: 2.51e-05 | Time: 1m 28s | 
2026-07-18 13:06:18 | [32mINFO    [0m | Trainer |   Per-class Dice: MA: 0.0000 | HE: 0.1241 | EX: 0.5645 | SE: 0.6134
2026-07-18 13:07:50 | [32mINFO    [0m | Trainer | Epoch  86/150 | Train Loss: 0.3308 | Val Loss: 0.3262 | Val Dice: 0.3244 | Val IoU: 0.2251 | LR: 2.10e-05 | Time: 1m 31s | 
2026-07-18 13:07:50 | [32mINFO    [0m | Trainer |   Per-class Dice: MA: 0.0000 | HE: 0.1173 | EX: 0.5647 | SE: 0.6157
2026-07-18 13:09:17 | [32mINFO    [0m | Trainer | Epoch  87/150 | Train Loss: 0.3343 | Val Loss: 0.3242 | Val Dice: 0.3260 | Val IoU: 0.2266 | LR: 1.73e-05 | Time: 1m 27s | 
2026-07-18 13:09:17 | [32mINFO    [0m | Trainer |   Per-class Dice: MA: 0.0000 | HE: 0.1195 | EX: 0.5591 | SE: 0.6253
2026-07-18 13:10:44 | [32mINFO    [0m | Trainer | Epoch  88/150 | Train Loss: 0.3394 | Val Loss: 0.3288 | Val Dice: 0.3342 | Val IoU: 0.2323 | LR: 1.39e-05 | Time: 1m 27s | 
2026-07-18 13:10:44 | [32mINFO    [0m | Trainer |   Per-class Dice: MA: 0.0000 | HE: 0.1440 | EX: 0.5613 | SE: 0.6315
2026-07-18 13:12:49 | [32mINFO    [0m | Trainer | Epoch  89/150 | Train Loss: 0.3256 | Val Loss: 0.3255 | Val Dice: 0.3325 | Val IoU: 0.2309 | LR: 1.09e-05 | Time: 2m 4s | 
2026-07-18 13:12:49 | [32mINFO    [0m | Trainer |   Per-class Dice: MA: 0.0000 | HE: 0.1403 | EX: 0.5602 | SE: 0.6294
2026-07-18 13:14:21 | [32mINFO    [0m | Trainer | Epoch  90/150 | Train Loss: 0.3302 | Val Loss: 0.3269 | Val Dice: 0.3286 | Val IoU: 0.2273 | LR: 8.32e-06 | Time: 1m 32s | 
2026-07-18 13:14:21 | [32mINFO    [0m | Trainer |   Per-class Dice: MA: 0.0000 | HE: 0.1377 | EX: 0.5559 | SE: 0.6210
2026-07-18 13:15:50 | [32mINFO    [0m | Trainer | Epoch  91/150 | Train Loss: 0.3257 | Val Loss: 0.3250 | Val Dice: 0.3286 | Val IoU: 0.2278 | LR: 6.09e-06 | Time: 1m 28s | 
2026-07-18 13:15:50 | [32mINFO    [0m | Trainer |   Per-class Dice: MA: 0.0000 | HE: 0.1335 | EX: 0.5570 | SE: 0.6241
2026-07-18 13:15:50 | [33mWARNING [0m | Trainer | Early stopping triggered at epoch 91. Best Dice: 0.3709 at epoch 61.
2026-07-18 13:15:50 | [32mINFO    [0m | Trainer | ============================================================
2026-07-18 13:15:50 | [32mINFO    [0m | Trainer |   Training completed in 2h 19m 20s
2026-07-18 13:15:50 | [32mINFO    [0m | Trainer |   Best Val Dice: 0.3709 (epoch 61)
2026-07-18 13:15:50 | [32mINFO    [0m | Trainer | ============================================================
